Archive member included because of file (symbol)

c:/winarm/bin/../lib/gcc/arm-elf/4.0.1/../../../../arm-elf/lib/thumb/interwork\libc.a(ctype_.o)
                              obj/input.o (_ctype_)
c:/winarm/bin/../lib/gcc/arm-elf/4.0.1/../../../../arm-elf/lib/thumb/interwork\libc.a(impure.o)
                              obj/demo.o (_impure_ptr)
c:/winarm/bin/../lib/gcc/arm-elf/4.0.1/thumb/interwork\libgcc.a(_udivsi3.o)
                              obj/demo.o (__udivsi3)
c:/winarm/bin/../lib/gcc/arm-elf/4.0.1/thumb/interwork\libgcc.a(_divsi3.o)
                              obj/database.o (__divsi3)
c:/winarm/bin/../lib/gcc/arm-elf/4.0.1/thumb/interwork\libgcc.a(_modsi3.o)
                              obj/database.o (__modsi3)
c:/winarm/bin/../lib/gcc/arm-elf/4.0.1/thumb/interwork\libgcc.a(_dvmd_tls.o)
                              c:/winarm/bin/../lib/gcc/arm-elf/4.0.1/thumb/interwork\libgcc.a(_udivsi3.o) (__div0)

Allocating common symbols
Common symbol       size              file

lDatabits           0x4               obj/demo.o
lProtocol           0x4               obj/demo.o
lParity             0x4               obj/demo.o
lPort               0x4               obj/demo.o
lBarcodes           0x4               obj/demo.o
lStopbits           0x4               obj/demo.o
lDrive              0x4               obj/demo.o
lBaudrate           0x4               obj/demo.o

Memory Configuration

Name             Origin             Length             Attributes
ROM              0x60000000         0x00400000         xr
RAM              0x62000000         0x00020000         rw
*default*        0x00000000         0xffffffff

Linker script and memory map

LOAD obj/demo.o
LOAD obj/database.o
LOAD obj/input.o
LOAD obj/menu.o
LOAD startup.o
LOAD c:/winarm/bin/../lib/gcc/arm-elf/4.0.1/../../../../arm-elf/lib/thumb/interwork\libc.a
LOAD c:/winarm/bin/../lib/gcc/arm-elf/4.0.1/../../../../arm-elf/lib/thumb/interwork\libm.a
LOAD c:/winarm/bin/../lib/gcc/arm-elf/4.0.1/thumb/interwork\libgcc.a

MAGIC_WORD      0x60100000       0x30
 *(AP_HEAD)
 AP_HEAD        0x60100000       0x30 startup.o

APP_START       0x60100100       0xa8
                0x60100100                _appstart = .
 *(AP_START)
 AP_START       0x60100100       0xa8 startup.o
                0x601001a8                _eappstart = .

PROGRAM         0x601001a8     0x7852
 *(.text .text.*)
 .text          0x601001a8     0x1328 obj/demo.o
                0x60100b08                ScanLabels
                0x60100ffc                _SystemMenu
                0x60100e88                SelectProtocol
                0x601001d4                set_databits
                0x6010068c                fill_record_struct
                0x60100e58                ComPortSettings
                0x60100f94                SetBarcodes
                0x60100200                set_parity
                0x60100e20                SelectStopbits
                0x60100de8                SelectDatabits
                0x60100508                store_input_data
                0x601004bc                display_input_data
                0x601002a0                set_barcodes
                0x60100fd0                AvailableMemory
                0x60100780                alert
                0x6010062c                string_quantity_to_long
                0x601006f0                FindBarcodeInDatabase
                0x60100d38                SelectPort
                0x601008c4                display_scroll_data
                0x60101068                TransmitData
                0x60101434                main
                0x601009f0                list_db_contents
                0x60100914                get_record
                0x60100dac                SelectParity
                0x60100c30                ScrollDatabase
                0x601001a8                set_stopbits
                0x601012c0                ShowFonts
                0x60101264                ShowVersion
                0x60100ebc                ChangeContrast
                0x601007a4                get_record_count
                0x60101360                file_test
                0x6010102c                DeleteDatabase
                0x601007f8                delete_last_entry
                0x60100d70                SelectBaudrate
                0x60100238                set_baudrate
 .text          0x601014d0      0xd44 obj/database.o
                0x60101528                CloseDatabase
                0x6010210c                CreateIndexFile
                0x60101854                ReadLastRecord
                0x6010176c                BinarySearch
                0x601018b0                WriteRecord
                0x60101558                OpenDatabase
                0x601017ec                ReadNextRecord
                0x60101644                ReadCurrentRecord
                0x60101a70                SearchIndexFile
                0x601014d0                GetDBErrorCode
                0x60101700                LineairSearch
                0x601016d0                GotoRecord
                0x60101888                ReadFirstRecord
                0x60101d08                AddNewSearchkeyToIndex
                0x60101da4                HeapSort
                0x60101bcc                InsertionSort
                0x60101608                OpenIndexFile
                0x60101820                ReadPreviousRecord
                0x601014dc                CreateDatabase
                0x6010161c                GetCurrentRecord
                0x60101ef0                QuickSort
                0x60101b0c                DeleteRecord
                0x601016b0                GetTotalRecords
 .text          0x60102214      0x67c obj/input.o
                0x60102664                ScanOrKeyboardInputSymbol
                0x601025cc                ScanOrKeyboardInput
                0x60102214                WaitForKey
                0x601024b0                KeyboardInput
                0x601026f0                KeyboardNumeric
                0x601022e4                ScanBarcodeSymbol
                0x601022a4                WaitForKeys
                0x601023f4                ScanBarcode
 .text          0x60102890      0xc30 obj/menu.o
                0x60102e50                GraphIncLayer
                0x601030dc                ShowGraphMenu
                0x60102be8                ShowTextSelectionMenu
                0x60102988                ShowTextMenu
                0x60102e34                InitGraphMenu
                0x6010332c                ShowGraphSelectionMenu
 .text          0x601034c0      0xe10 startup.o
                0x60103a68                fiscanf
                0x60103e68                longjmp
                0x60103d88                putchar
                0x60104128                tsearch
                0x60103738                programbuffer
                0x60103da8                putw
                0x60103c98                mbrlen
                0x60103f30                strcpy
                0x60103958                asctime
                0x60103760                WaitKey
                0x60103e58                unsetenv
                0x60103788                chsize
                0x601039a0                bcmp
                0x60103e60                setjmp
                0x601040e0                tmpfile
                0x60103830                ShowJPG_File
                0x601041a0                vscanf
                0x60103ea8                ldexpf
                0x60103d70                printf
                0x601041c8                vsprintf
                0x60103d80                putc_unlocked
                0x60103538                endtimer
                0x60104140                ungetc
                0x601034d8                checktime
                0x60103f70                strlwr
                0x601038d0                set_default_drive
                0x60103718                eraseblock
                0x60103530                drawline
                0x60103f48                strerror
                0x60103f98                strndup
                0x601036d8                wherey
                0x60103900                argz_add_sep
                0x601037f0                blt_discovery
                0x60103ce8                memmove
                0x60103b28                hsearch
                0x60104218                wcslcpy
                0x60103ee8                snprintf
                0x601037f8                blt_unpair
                0x60103980                atoff
                0x60103990                atol
                0x601039e0                __errno
                0x60103898                FillCircle
                0x60103d30                malloc_stats
                0x601040a0                times
                0x60103eb0                modff
                0x60103d58                nrand48
                0x601037d0                SetBltPin
                0x60103ae8                getenv
                0x60104220                wcslen
                0x60103bc0                iswcntrl
                0x60103bf0                iswpunct
                0x601036b0                systemsetting
                0x601038d8                __srget
                0x60103b58                isblank
                0x60103e70                setlinebuf
                0x60103c28                labs
                0x60103688                SetTickCount
                0x60103500                coreleft
                0x60103bb0                iswalpha
                0x60103af8                gets
                0x60103bb8                iswblank
                0x601039b0                bsearch
                0x60104038                execve
                0x601041d0                vsscanf
                0x60104058                getpid
                0x60103938                argz_insert
                0x60103db0                qsort
                0x60104250                wcsrchr
                0x60103aa0                fscanf
                0x60103a50                fgets
                0x60103c08                iswxdigit
                0x60103558                format
                0x60103b18                hcreate
                0x60103ad8                getc
                0x60103678                SetSystemTime
                0x60103ce0                memcpy
                0x60103e78                setvbuf
                0x60103880                ScrollUp
                0x60103910                argz_count
                0x60103d68                perror
                0x60104020                swab
                0x60103d40                mstats
                0x60103e98                isinff
                0x60103820                SetCursorColor
                0x60103da0                puts
                0x601038b0                vibrate
                0x60103b78                islower
                0x60103ca0                mbrtowc
                0x60104100                tolower
                0x601038f8                argz_add
                0x60103b60                iscanf
                0x60103be0                iswlower
                0x60104098                system
                0x60103a20                feof
                0x60104248                wcspbrk
                0x60103588                getterminalid
                0x60103950                argz_stringify
                0x60103c80                malloc
                0x60103dd0                remove
                0x60104028                isatty
                0x60103bf8                iswspace
                0x601036a8                starttimer
                0x60103520                downloadapplication
                0x601039b8                btowc
                0x60103e18                ldexp
                0x601041c0                vsnprintf
                0x60103ff8                strtoll
                0x60103798                putnstring
                0x60104230                wcsncmp
                0x601035f8                powereddown
                0x60104000                strtoul
                0x601038b8                itoa
                0x601035b8                isBuzzerOn
                0x60104268                wcsstr
                0x601037a0                SoftReset
                0x60103d08                mktemp
                0x60103b90                ispunct
                0x601035c8                kbhit
                0x60104288                wctomb
                0x60103e88                finitef
                0x60104270                wcstombs
                0x601038c8                StoreCoverDetection
                0x60104150                pvalloc
                0x60103b98                isspace
                0x60103cf0                mempcpy
                0x60103a30                fflush
                0x60103ea0                isnanf
                0x601034e0                checkdate
                0x60103cb8                mbstowcs
                0x60103d98                putenv
                0x60103918                argz_create
                0x60103778                lseek
                0x601042b8                wmemcpy
                0x60103630                savedisplay
                0x60103f78                strncasecmp
                0x601039c0                bzero
                0x601037e0                SetBltLocalName
                0x60103e48                setbuffer
                0x601041a8                vsiprintf
                0x60103c48                abort
                0x601041f8                wcscoll
                0x60103e38                seed48
                0x60103960                asiprintf
                0x60103c10                isxdigit
                0x601040c0                tdelete
                0x601036c0                triggerpressed
                0x60103888                FillRect
                0x60103568                getcom
                0x60103c50                alarm
                0x60103ff0                strtol
                0x60103650                SetAlarm
                0x60103ab8                fsetpos
                0x60103fa0                strnlen
                0x60103c90                mblen
                0x60103818                secretstring
                0x60103be8                iswprint
                0x60103638                scanneroff
                0x60103dd8                rename
                0x601041b8                vsniprintf
                0x60103fb8                strrchr
                0x60104200                wcscpy
                0x601039c8                calloc
                0x601036a0                sound
                0x60103618                resetkey
                0x60103d20                malloc_usable_size
                0x601040c8                tdestroy
                0x60103fd8                strtod
                0x60103e08                isinf
                0x60103de8                rindex
                0x601040b8                write
                0x601042a8                wmemchr
                0x60103720                erasesector
                0x60103978                atof
                0x60104050                fstat
                0x60103a78                fprintf
                0x60104068                kill
                0x60103bd8                iswgraph
                0x601039e8                ctime
                0x60103750                InstallHeartbeatHandler
                0x60103a38                ffs
                0x60103f10                strcat
                0x60103628                runapplfromfile
                0x601036c8                uppressed
                0x60104198                vprintf
                0x60103ee0                sniprintf
                0x60103710                GetFlashSize
                0x60103ab0                fseeko
                0x60103780                tell
                0x60103e20                modf
                0x601035e0                neto_receive2
                0x60103930                argz_extract
                0x60103aa8                fseek
                0x60103d50                nl_langinfo
                0x601038a0                DrawEllipse
                0x60103648                set_offset
                0x60103cc8                memccpy
                0x601036e8                xmodemtransmit
                0x60103cd0                memchr
                0x601034f8                contrast
                0x601040d0                tfind
                0x601040b0                wait
                0x60103590                GetTickCount
                0x60103698                showpicture
                0x601036b8                timervalue
                0x601034c0                autopowerdown
                0x60103d10                mktime
                0x60103748                EnableInts
                0x601035b0                idle
                0x601036f0                version_os
                0x60103768                setdatetime
                0x60103510                cursor
                0x60103a28                ferror
                0x60103fd0                strstr
                0x601037b0                GetBatteryVoltage
                0x60103dc0                rand
                0x60103ac8                ftello
                0x60103ec8                signal
                0x60104080                read
                0x601036e0                xmodemreceive
                0x601034d0                batteryvoltage
                0x60103f60                strlcpy
                0x60103bc8                iswctype
                0x60103f28                strcoll
                0x60103ba0                isupper
                0x60103f88                strncmp
                0x60103c20                l64a
                0x601037c8                SetBltAddress
                0x60104258                wcsrtombs
                0x601042c8                wmemset
                0x60103f90                strncpy
                0x601040a8                unlink
                0x60103e50                setenv
                0x60103f08                strcasecmp
                0x601042a0                wcwidth
                0x60103b50                isascii
                0x601035f0                neto_transmit2
                0x60103dc8                realloc
                0x60103d60                on_exit
                0x60103a10                fcloseall
                0x60104120                towupper
                0x60103610                readbarcode
                0x60103680                setterminalid
                0x601034e8                comopen
                0x601039a8                bcopy
                0x60104240                wcsnlen
                0x60104110                towctrans
                0x60103fe8                strtok
                0x60103cd8                memcmp
                0x60103d48                malloc_trim
                0x601034c8                backlight
                0x60103a18                fdopen
                0x60104048                fork
                0x60103f00                sscanf
                0x60103b48                isalpha
                0x60104208                wcscspn
                0x60103f80                strncat
                0x60103c38                lcong48
                0x601037c0                GetBltPin
                0x601041e8                wcschr
                0x601036d0                wherex
                0x60103ef8                srand48
                0x60103a90                fread
                0x601038a8                FillEllipse
                0x60104088                sbrk
                0x60103540                findnext
                0x60103f40                strdup
                0x60103eb8                scalbnf
                0x601037e8                blt_is_connected
                0x60103850                BackLightLvl
                0x60103570                getdate
                0x60104008                strtoull
                0x60103b30                index
                0x60104060                gettimeofday
                0x60103a70                fopen
                0x60104228                wcsncat
                0x60103af0                getopt
                0x60103600                printsymbol
                0x60103c30                localtime
                0x60103cf8                memset
                0x60103658                setdate
                0x60103870                PrintChar
                0x60104260                wcsspn
                0x60103ac0                ftell
                0x60103db8                srand
                0x601038e0                __swbuf
                0x60104018                strxfrm
                0x60103f58                strlcat
                0x60103cb0                mbsrtowcs
                0x60104298                wctype
                0x601039d8                clearerr
                0x60103578                getfontsize
                0x60103d38                mallopt
                0x60103a08                fclose
                0x60103858                SetBackLightLvl
                0x601035c0                ischarging
                0x60103ae0                getchar
                0x60103550                flipscreen
                0x60103728                programbyte
                0x601040d8                time
                0x601037b8                GetBltAddress
                0x60103b80                isgraph
                0x60104238                wcsncpy
                0x60103808                SetTextColor
                0x60103a48                fgetpos
                0x60103b40                isalnum
                0x60103b20                hdestroy
                0x601040f0                tmpnam
                0x60103b88                isprint
                0x60103d18                mrand48
                0x60103d78                putc
                0x60103df8                finite
                0x601034f0                comclose
                0x60103f20                strcmp
                0x60103ed8                siscanf
                0x60103690                settime
                0x60104168                vfiprintf
                0x60103df0                copysign
                0x60103518                delay
                0x60104170                vfiscanf
                0x60103b38                iprintf
                0x601038c0                OseComm
                0x60103840                BitBlt
                0x60103e80                copysignf
                0x60103a40                fgetc
                0x60103c78                memalign
                0x60103ef0                sprintf
                0x60103968                asprintf
                0x601039f0                difftime
                0x60103580                GetSystemTime
                0x60104190                viscanf
                0x60103fe0                strtof
                0x60103970                atexit
                0x601040f8                toascii
                0x60103f38                strcspn
                0x60103860                SetAutoBacklight
                0x601035a0                goodreadled
                0x60103668                setfont
                0x60103c68                setlocale
                0x60103b00                getsubopt
                0x60103bd0                iswdigit
                0x60103e30                scanf
                0x60103d00                mkstemp
                0x60103758                RemoveHeartbeatHandler
                0x60103e28                scalbn
                0x60103948                argz_replace
                0x60103fc0                strsep
                0x601039d0                cfree
                0x60103e10                isnan
                0x60103d90                putchar_unlocked
                0x60103c40                ldiv
                0x601037a8                GetTemperature
                0x60103548                findfirst
                0x60104148                valloc
                0x60103a80                fputc
                0x601037d8                GetBltLocalName
                0x60103d28                mallinfo
                0x60103740                DisableInts
                0x60104158                vasiprintf
                0x60103c00                iswupper
                0x60104130                twalk
                0x60103660                setecho
                0x60103f50                strftime
                0x60103c70                localeconv
                0x60103920                argz_create_sep
                0x601035a8                gotoxy
                0x601042b0                wmemcmp
                0x60104090                stat
                0x60103c60                lldiv
                0x601042c0                wmemmove
                0x60103b70                isdigit
                0x601036f8                version_rom
                0x60103ad0                fwrite
                0x601038f0                access
                0x60103598                gettime
                0x60103508                Heap_CoreLeft
                0x60104210                wcslcat
                0x60104180                vfscanf
                0x60103fb0                strptime
                0x60103de0                rewind
                0x60103a98                freopen
                0x60103878                ClearDisplay
                0x60103838                ShowJPG
                0x60104070                link
                0x60103a00                exit
                0x60103a60                fiprintf
                0x60103890                DrawCircle
                0x60103868                SetPrintCharFunction
                0x60104118                towlower
                0x601041b0                vsiscanf
                0x60103c58                llabs
                0x60103e40                setbuf
                0x60103e90                frexpf
                0x60103ba8                iswalnum
                0x601041f0                wcscmp
                0x60103730                programword
                0x601035d0                loaddisplay
                0x60103ed0                siprintf
                0x60103988                atoi
                0x60103b68                iscntrl
                0x60103a58                fileno
                0x60104010                strupr
                0x601041e0                wcscat
                0x60103b10                gmtime
                0x60103fc8                strspn
                0x60104280                wctob
                0x601040e8                tempnam
                0x60103800                SetBltPinCallback
                0x60103f68                strlen
                0x60103908                argz_append
                0x60103708                GetBootVersion
                0x60104078                open
                0x60103560                fsize
                0x60104108                toupper
                0x60103998                atoll
                0x601035e8                neto_transmit
                0x60103b08                getw
                0x60103940                argz_next
                0x601039f8                div
                0x601038e8                abs
                0x60103f18                strchr
                0x60104278                wcswidth
                0x60103a88                fputs
                0x60103928                argz_delete
                0x60103828                ShowBMP
                0x60104160                vasprintf
                0x60104040                fcntl
                0x60104138                tzset
                0x60103c18                jrand48
                0x60103790                putstring
                0x60103528                downpressed
                0x60103810                SetBackColor
                0x60103620                resetreceive
                0x601041d8                wcrtomb
                0x60103e00                frexp
                0x60103640                scannerpower
                0x60104030                close
                0x601035d8                neto_receive
                0x60103608                putcom
                0x60103848                ShowGIF
                0x60103cc0                mbtowc
                0x60104188                viprintf
                0x60104178                vfprintf
                0x60103fa8                strpbrk
                0x60103670                setpixel
                0x60103ec0                raise
                0x60103c88                free
                0x60103ca8                mbsinit
                0x60104290                wctrans
                0x60103700                GetOsVersion
 .text          0x601042d0       0x8c c:/winarm/bin/../lib/gcc/arm-elf/4.0.1/thumb/interwork\libgcc.a(_udivsi3.o)
                0x601042d0                __udivsi3
                0x6010434c                __aeabi_uidivmod
 .text          0x6010435c       0xa4 c:/winarm/bin/../lib/gcc/arm-elf/4.0.1/thumb/interwork\libgcc.a(_divsi3.o)
                0x6010435c                __divsi3
                0x601043f0                __aeabi_idivmod
 .text          0x60104400       0xd8 c:/winarm/bin/../lib/gcc/arm-elf/4.0.1/thumb/interwork\libgcc.a(_modsi3.o)
                0x60104400                __modsi3
 .text          0x601044d8        0x4 c:/winarm/bin/../lib/gcc/arm-elf/4.0.1/thumb/interwork\libgcc.a(_dvmd_tls.o)
                0x601044d8                __aeabi_ldiv0
                0x601044d8                __div0
                0x601044d8                __aeabi_idiv0
 *(.gnu.linkonce.t.*)
 *(.glue_7)
 *(.glue_7t)
 *(.gcc_except_table)
 *(.rodata)
 .rodata        0x601044dc     0x2778 obj/demo.o
                0x601044dc                _fonts
                0x601048e0                _drive
                0x601066fe                _scan
                0x60105cf4                _version
                0x601054ec                _barcode
                0x601064fc                _scroll
                0x601052ea                _memory
                0x601050e8                _flash
                0x601062fa                _tools
                0x601046de                _comport
                0x601058f0                _protocol
                0x601056ee                _display
                0x60104ae2                _databits
                0x60104ee6                _stop
                0x60105af2                _comp
                0x601060f8                _trash
                0x60105ef6                _transmit
                0x60104ce4                _parity
 .rodata        0x60106c54       0x14 obj/input.o
 .rodata        0x60106c68      0x33c obj/menu.o
                0x60106da2                _exitsign
                0x60106c68                _uncheck
                0x60106d6c                _select
                0x60106d8e                _down_arrow
                0x60106d98                _up_arrow
                0x60106cea                _checked
 .rodata        0x60106fa4      0x101 c:/winarm/bin/../lib/gcc/arm-elf/4.0.1/../../../../arm-elf/lib/thumb/interwork\libc.a(ctype_.o)
                0x60106fa4                _ctype_
 *fill*         0x601070a5        0x3 00
 .rodata        0x601070a8        0x4 c:/winarm/bin/../lib/gcc/arm-elf/4.0.1/../../../../arm-elf/lib/thumb/interwork\libc.a(impure.o)
                0x601070a8                _global_impure_ptr
 *(.rodata*)
 .rodata.str1.4
                0x601070ac      0x8cc obj/demo.o
                                0x8d8 (size before relaxing)
 .rodata.str1.4
                0x60107978        0xa obj/input.o
                                 0x1c (size before relaxing)
 *fill*         0x60107982        0x2 00
 .rodata.str1.4
                0x60107984       0x74 obj/menu.o
                                 0x8c (size before relaxing)
 .rodata.str1.4
                0x601079f8        0x2 c:/winarm/bin/../lib/gcc/arm-elf/4.0.1/../../../../arm-elf/lib/thumb/interwork\libc.a(impure.o)
                                  0x4 (size before relaxing)
 *(.gnu.linkonce.r.*)
                0x601079fc                . = ALIGN (0x4)
                0x601079fc                _program_end = .

.data           0x62000000      0x418 load address 0x601079fc
                0x62000000                _data = .
 *(.data)
 .data          0x62000000       0x10 startup.o
                0x62000000                jumptbl_ptr
 .data          0x62000010        0x4 c:/winarm/bin/../lib/gcc/arm-elf/4.0.1/../../../../arm-elf/lib/thumb/interwork\libc.a(ctype_.o)
                0x62000010                __ctype_ptr
 .data          0x62000014      0x404 c:/winarm/bin/../lib/gcc/arm-elf/4.0.1/../../../../arm-elf/lib/thumb/interwork\libc.a(impure.o)
                0x62000414                _impure_ptr
 *(.data.*)
 *(.gnu.linkonce.d*)
                0x62000418                . = ALIGN (0x4)
                0x62000418                _edata = .
                0x62000418                _ram_end = .
                0x60107e14                _code_end = ((_ram_end - _data) + _program_end)

.bss            0x62000418     0x2670
                0x62000418                _bss = .
 *(.bss)
 .bss           0x62000418     0x25ac obj/demo.o
 .bss           0x620029c4        0x8 obj/database.o
 .bss           0x620029cc       0x33 obj/input.o
 *fill*         0x620029ff        0x1 00
 .bss           0x62002a00       0x68 obj/menu.o
 *(.gnu.linkonce.b*)
 *(COMMON)
 COMMON         0x62002a68       0x20 obj/demo.o
                0x62002a68                lDatabits
                0x62002a6c                lProtocol
                0x62002a70                lParity
                0x62002a74                lPort
                0x62002a78                lBarcodes
                0x62002a7c                lStopbits
                0x62002a80                lDrive
                0x62002a84                lBaudrate
                0x62002a88                . = ALIGN (0x4)
                0x62002a88                _ebss = .
OUTPUT(XPA30925.elf elf32-littlearm)

.comment        0x00000000       0xa2
 .comment       0x00000000       0x1b obj/demo.o
 .comment       0x0000001b       0x1b obj/database.o
 .comment       0x00000036       0x1b obj/input.o
 .comment       0x00000051       0x1b obj/menu.o
 .comment       0x0000006c       0x1b c:/winarm/bin/../lib/gcc/arm-elf/4.0.1/../../../../arm-elf/lib/thumb/interwork\libc.a(ctype_.o)
 .comment       0x00000087       0x1b c:/winarm/bin/../lib/gcc/arm-elf/4.0.1/../../../../arm-elf/lib/thumb/interwork\libc.a(impure.o)

.debug_line     0x00000000      0x3ed
 .debug_line    0x00000000      0x22a startup.o
 .debug_line    0x0000022a       0x73 c:/winarm/bin/../lib/gcc/arm-elf/4.0.1/thumb/interwork\libgcc.a(_udivsi3.o)
 .debug_line    0x0000029d       0x7f c:/winarm/bin/../lib/gcc/arm-elf/4.0.1/thumb/interwork\libgcc.a(_divsi3.o)
 .debug_line    0x0000031c       0x74 c:/winarm/bin/../lib/gcc/arm-elf/4.0.1/thumb/interwork\libgcc.a(_modsi3.o)
 .debug_line    0x00000390       0x5d c:/winarm/bin/../lib/gcc/arm-elf/4.0.1/thumb/interwork\libgcc.a(_dvmd_tls.o)

.debug_info     0x00000000      0x216
 .debug_info    0x00000000       0x46 startup.o
 .debug_info    0x00000046       0x74 c:/winarm/bin/../lib/gcc/arm-elf/4.0.1/thumb/interwork\libgcc.a(_udivsi3.o)
 .debug_info    0x000000ba       0x74 c:/winarm/bin/../lib/gcc/arm-elf/4.0.1/thumb/interwork\libgcc.a(_divsi3.o)
 .debug_info    0x0000012e       0x74 c:/winarm/bin/../lib/gcc/arm-elf/4.0.1/thumb/interwork\libgcc.a(_modsi3.o)
 .debug_info    0x000001a2       0x74 c:/winarm/bin/../lib/gcc/arm-elf/4.0.1/thumb/interwork\libgcc.a(_dvmd_tls.o)

.debug_abbrev   0x00000000       0x60
 .debug_abbrev  0x00000000       0x10 startup.o
 .debug_abbrev  0x00000010       0x14 c:/winarm/bin/../lib/gcc/arm-elf/4.0.1/thumb/interwork\libgcc.a(_udivsi3.o)
 .debug_abbrev  0x00000024       0x14 c:/winarm/bin/../lib/gcc/arm-elf/4.0.1/thumb/interwork\libgcc.a(_divsi3.o)
 .debug_abbrev  0x00000038       0x14 c:/winarm/bin/../lib/gcc/arm-elf/4.0.1/thumb/interwork\libgcc.a(_modsi3.o)
 .debug_abbrev  0x0000004c       0x14 c:/winarm/bin/../lib/gcc/arm-elf/4.0.1/thumb/interwork\libgcc.a(_dvmd_tls.o)

.debug_aranges  0x00000000       0xa8
 .debug_aranges
                0x00000000       0x28 startup.o
 .debug_aranges
                0x00000028       0x20 c:/winarm/bin/../lib/gcc/arm-elf/4.0.1/thumb/interwork\libgcc.a(_udivsi3.o)
 .debug_aranges
                0x00000048       0x20 c:/winarm/bin/../lib/gcc/arm-elf/4.0.1/thumb/interwork\libgcc.a(_divsi3.o)
 .debug_aranges
                0x00000068       0x20 c:/winarm/bin/../lib/gcc/arm-elf/4.0.1/thumb/interwork\libgcc.a(_modsi3.o)
 .debug_aranges
                0x00000088       0x20 c:/winarm/bin/../lib/gcc/arm-elf/4.0.1/thumb/interwork\libgcc.a(_dvmd_tls.o)

Cross Reference Table

Symbol                                            File
AddNewSearchkeyToIndex                            obj/database.o
AvailableMemory                                   obj/demo.o
BackLightLvl                                      startup.o
BinarySearch                                      obj/database.o
                                                  obj/demo.o
BitBlt                                            startup.o
ChangeContrast                                    obj/demo.o
ClearDisplay                                      startup.o
CloseDatabase                                     obj/database.o
                                                  obj/demo.o
ComPortSettings                                   obj/demo.o
CreateDatabase                                    obj/database.o
                                                  obj/demo.o
CreateIndexFile                                   obj/database.o
DeleteDatabase                                    obj/demo.o
DeleteRecord                                      obj/database.o
                                                  obj/demo.o
DisableInts                                       startup.o
DrawCircle                                        startup.o
DrawEllipse                                       startup.o
EnableInts                                        startup.o
FillCircle                                        startup.o
FillEllipse                                       startup.o
FillRect                                          startup.o
FindBarcodeInDatabase                             obj/demo.o
GetBatteryVoltage                                 startup.o
GetBltAddress                                     startup.o
GetBltLocalName                                   startup.o
GetBltPin                                         startup.o
GetBootVersion                                    startup.o
GetCurrentRecord                                  obj/database.o
GetDBErrorCode                                    obj/database.o
                                                  obj/demo.o
GetFlashSize                                      startup.o
GetOsVersion                                      startup.o
GetSystemTime                                     startup.o
GetTemperature                                    startup.o
GetTickCount                                      startup.o
GetTotalRecords                                   obj/database.o
                                                  obj/demo.o
GotoRecord                                        obj/database.o
                                                  obj/demo.o
GraphIncLayer                                     obj/menu.o
HeapSort                                          obj/database.o
Heap_CoreLeft                                     startup.o
InitGraphMenu                                     obj/menu.o
                                                  obj/demo.o
InsertionSort                                     obj/database.o
InstallHeartbeatHandler                           startup.o
KeyboardInput                                     obj/input.o
KeyboardNumeric                                   obj/input.o
LineairSearch                                     obj/database.o
OpenDatabase                                      obj/database.o
                                                  obj/demo.o
OpenIndexFile                                     obj/database.o
OseComm                                           startup.o
PrintChar                                         startup.o
QuickSort                                         obj/database.o
ReadCurrentRecord                                 obj/database.o
                                                  obj/demo.o
ReadFirstRecord                                   obj/database.o
                                                  obj/demo.o
ReadLastRecord                                    obj/database.o
ReadNextRecord                                    obj/database.o
                                                  obj/demo.o
ReadPreviousRecord                                obj/database.o
RemoveHeartbeatHandler                            startup.o
ScanBarcode                                       obj/input.o
ScanBarcodeSymbol                                 obj/input.o
ScanLabels                                        obj/demo.o
ScanOrKeyboardInput                               obj/input.o
                                                  obj/demo.o
ScanOrKeyboardInputSymbol                         obj/input.o
ScrollDatabase                                    obj/demo.o
ScrollUp                                          startup.o
SearchIndexFile                                   obj/database.o
SelectBaudrate                                    obj/demo.o
SelectDatabits                                    obj/demo.o
SelectParity                                      obj/demo.o
SelectPort                                        obj/demo.o
SelectProtocol                                    obj/demo.o
SelectStopbits                                    obj/demo.o
SetAlarm                                          startup.o
SetAutoBacklight                                  startup.o
SetBackColor                                      startup.o
SetBackLightLvl                                   startup.o
SetBarcodes                                       obj/demo.o
SetBltAddress                                     startup.o
SetBltLocalName                                   startup.o
SetBltPin                                         startup.o
SetBltPinCallback                                 startup.o
SetCursorColor                                    startup.o
SetPrintCharFunction                              startup.o
SetSystemTime                                     startup.o
SetTextColor                                      startup.o
SetTickCount                                      startup.o
ShowBMP                                           startup.o
ShowFonts                                         obj/demo.o
ShowGIF                                           startup.o
ShowGraphMenu                                     obj/menu.o
                                                  obj/demo.o
ShowGraphSelectionMenu                            obj/menu.o
                                                  obj/demo.o
ShowJPG                                           startup.o
ShowJPG_File                                      startup.o
ShowTextMenu                                      obj/menu.o
ShowTextSelectionMenu                             obj/menu.o
ShowVersion                                       obj/demo.o
SoftReset                                         startup.o
StoreCoverDetection                               startup.o
TransmitData                                      obj/demo.o
WaitForKey                                        obj/input.o
                                                  obj/menu.o
                                                  obj/demo.o
WaitForKeys                                       obj/input.o
                                                  obj/demo.o
WaitKey                                           startup.o
WriteRecord                                       obj/database.o
                                                  obj/demo.o
_SystemMenu                                       obj/demo.o
__aeabi_idiv0                                     c:/winarm/bin/../lib/gcc/arm-elf/4.0.1/thumb/interwork\libgcc.a(_dvmd_tls.o)
__aeabi_idivmod                                   c:/winarm/bin/../lib/gcc/arm-elf/4.0.1/thumb/interwork\libgcc.a(_divsi3.o)
__aeabi_ldiv0                                     c:/winarm/bin/../lib/gcc/arm-elf/4.0.1/thumb/interwork\libgcc.a(_dvmd_tls.o)
__aeabi_uidivmod                                  c:/winarm/bin/../lib/gcc/arm-elf/4.0.1/thumb/interwork\libgcc.a(_udivsi3.o)
__ctype_ptr                                       c:/winarm/bin/../lib/gcc/arm-elf/4.0.1/../../../../arm-elf/lib/thumb/interwork\libc.a(ctype_.o)
__div0                                            c:/winarm/bin/../lib/gcc/arm-elf/4.0.1/thumb/interwork\libgcc.a(_dvmd_tls.o)
                                                  c:/winarm/bin/../lib/gcc/arm-elf/4.0.1/thumb/interwork\libgcc.a(_modsi3.o)
                                                  c:/winarm/bin/../lib/gcc/arm-elf/4.0.1/thumb/interwork\libgcc.a(_divsi3.o)
                                                  c:/winarm/bin/../lib/gcc/arm-elf/4.0.1/thumb/interwork\libgcc.a(_udivsi3.o)
__divsi3                                          c:/winarm/bin/../lib/gcc/arm-elf/4.0.1/thumb/interwork\libgcc.a(_divsi3.o)
                                                  obj/menu.o
                                                  obj/database.o
__errno                                           startup.o
__modsi3                                          c:/winarm/bin/../lib/gcc/arm-elf/4.0.1/thumb/interwork\libgcc.a(_modsi3.o)
                                                  obj/database.o
__srget                                           startup.o
                                                  obj/input.o
__swbuf                                           startup.o
                                                  obj/menu.o
                                                  obj/demo.o
__udivsi3                                         c:/winarm/bin/../lib/gcc/arm-elf/4.0.1/thumb/interwork\libgcc.a(_udivsi3.o)
                                                  obj/menu.o
                                                  obj/demo.o
_barcode                                          obj/demo.o
_bss                                              startup.o
_checked                                          obj/menu.o
_code_end                                         startup.o
_comp                                             obj/demo.o
_comport                                          obj/demo.o
_ctype_                                           c:/winarm/bin/../lib/gcc/arm-elf/4.0.1/../../../../arm-elf/lib/thumb/interwork\libc.a(ctype_.o)
                                                  obj/input.o
_data                                             startup.o
_databits                                         obj/demo.o
_display                                          obj/demo.o
_down_arrow                                       obj/menu.o
_drive                                            obj/demo.o
_ebss                                             startup.o
_edata                                            startup.o
_exitsign                                         obj/menu.o
_flash                                            obj/demo.o
_fonts                                            obj/demo.o
_global_impure_ptr                                c:/winarm/bin/../lib/gcc/arm-elf/4.0.1/../../../../arm-elf/lib/thumb/interwork\libc.a(impure.o)
_impure_ptr                                       c:/winarm/bin/../lib/gcc/arm-elf/4.0.1/../../../../arm-elf/lib/thumb/interwork\libc.a(impure.o)
                                                  startup.o
                                                  obj/menu.o
                                                  obj/input.o
                                                  obj/demo.o
_memory                                           obj/demo.o
_parity                                           obj/demo.o
_program_end                                      startup.o
_protocol                                         obj/demo.o
_scan                                             obj/demo.o
_scroll                                           obj/demo.o
_select                                           obj/menu.o
_stop                                             obj/demo.o
_tools                                            obj/demo.o
_transmit                                         obj/demo.o
_trash                                            obj/demo.o
_uncheck                                          obj/menu.o
_up_arrow                                         obj/menu.o
_version                                          obj/demo.o
abort                                             startup.o
abs                                               startup.o
access                                            startup.o
alarm                                             startup.o
alert                                             obj/demo.o
argz_add                                          startup.o
argz_add_sep                                      startup.o
argz_append                                       startup.o
argz_count                                        startup.o
argz_create                                       startup.o
argz_create_sep                                   startup.o
argz_delete                                       startup.o
argz_extract                                      startup.o
argz_insert                                       startup.o
argz_next                                         startup.o
argz_replace                                      startup.o
argz_stringify                                    startup.o
asctime                                           startup.o
asiprintf                                         startup.o
asprintf                                          startup.o
atexit                                            startup.o
atof                                              startup.o
atoff                                             startup.o
atoi                                              startup.o
atol                                              startup.o
                                                  obj/demo.o
atoll                                             startup.o
autopowerdown                                     startup.o
backlight                                         startup.o
batteryvoltage                                    startup.o
bcmp                                              startup.o
bcopy                                             startup.o
blt_discovery                                     startup.o
blt_is_connected                                  startup.o
blt_unpair                                        startup.o
bsearch                                           startup.o
btowc                                             startup.o
bzero                                             startup.o
calloc                                            startup.o
cfree                                             startup.o
checkdate                                         startup.o
checktime                                         startup.o
chsize                                            startup.o
                                                  obj/database.o
clearerr                                          startup.o
close                                             startup.o
                                                  obj/database.o
comclose                                          startup.o
                                                  obj/demo.o
comopen                                           startup.o
                                                  obj/demo.o
contrast                                          startup.o
                                                  obj/demo.o
copysign                                          startup.o
copysignf                                         startup.o
coreleft                                          startup.o
                                                  obj/demo.o
ctime                                             startup.o
cursor                                            startup.o
                                                  obj/menu.o
                                                  obj/input.o
                                                  obj/demo.o
delay                                             startup.o
                                                  obj/demo.o
delete_last_entry                                 obj/demo.o
detdatetime                                       startup.o
difftime                                          startup.o
display_input_data                                obj/demo.o
display_scroll_data                               obj/demo.o
div                                               startup.o
downloadapplication                               startup.o
downpressed                                       startup.o
drawline                                          startup.o
                                                  obj/menu.o
endtimer                                          startup.o
eraseblock                                        startup.o
erasesector                                       startup.o
execve                                            startup.o
exit                                              startup.o
fclose                                            startup.o
                                                  obj/demo.o
fcloseall                                         startup.o
fcntl                                             startup.o
fdopen                                            startup.o
feof                                              startup.o
ferror                                            startup.o
fflush                                            startup.o
ffs                                               startup.o
fgetc                                             startup.o
fgetpos                                           startup.o
fgets                                             startup.o
file_test                                         obj/demo.o
fileno                                            startup.o
fill_record_struct                                obj/demo.o
findfirst                                         startup.o
findnext                                          startup.o
finite                                            startup.o
finitef                                           startup.o
fiprintf                                          startup.o
fiscanf                                           startup.o
flipscreen                                        startup.o
fopen                                             startup.o
                                                  obj/demo.o
fork                                              startup.o
format                                            startup.o
fprintf                                           startup.o
fputc                                             startup.o
fputs                                             startup.o
fread                                             startup.o
free                                              startup.o
                                                  obj/database.o
freopen                                           startup.o
frexp                                             startup.o
frexpf                                            startup.o
fscanf                                            startup.o
fseek                                             startup.o
                                                  obj/demo.o
fseeko                                            startup.o
fsetpos                                           startup.o
fsize                                             startup.o
                                                  obj/database.o
                                                  obj/demo.o
fstat                                             startup.o
ftell                                             startup.o
ftello                                            startup.o
fwrite                                            startup.o
                                                  obj/demo.o
get_record                                        obj/demo.o
get_record_count                                  obj/demo.o
getc                                              startup.o
getchar                                           startup.o
getcom                                            startup.o
getdate                                           startup.o
                                                  obj/demo.o
getenv                                            startup.o
getfontsize                                       startup.o
                                                  obj/menu.o
                                                  obj/demo.o
getopt                                            startup.o
getpid                                            startup.o
gets                                              startup.o
getsubopt                                         startup.o
getterminalid                                     startup.o
gettime                                           startup.o
                                                  obj/demo.o
gettimeofday                                      startup.o
getw                                              startup.o
gmtime                                            startup.o
goodreadled                                       startup.o
                                                  obj/input.o
gotoxy                                            startup.o
                                                  obj/menu.o
                                                  obj/input.o
                                                  obj/demo.o
hcreate                                           startup.o
hdestroy                                          startup.o
hsearch                                           startup.o
idle                                              startup.o
                                                  obj/input.o
index                                             startup.o
iprintf                                           startup.o
isBuzzerOn                                        startup.o
isalnum                                           startup.o
isalpha                                           startup.o
isascii                                           startup.o
isatty                                            startup.o
isblank                                           startup.o
iscanf                                            startup.o
ischarging                                        startup.o
iscntrl                                           startup.o
isdigit                                           startup.o
isgraph                                           startup.o
isinf                                             startup.o
isinff                                            startup.o
islower                                           startup.o
isnan                                             startup.o
isnanf                                            startup.o
isprint                                           startup.o
ispunct                                           startup.o
isspace                                           startup.o
isupper                                           startup.o
iswalnum                                          startup.o
iswalpha                                          startup.o
iswblank                                          startup.o
iswcntrl                                          startup.o
iswctype                                          startup.o
iswdigit                                          startup.o
iswgraph                                          startup.o
iswlower                                          startup.o
iswprint                                          startup.o
iswpunct                                          startup.o
iswspace                                          startup.o
iswupper                                          startup.o
iswxdigit                                         startup.o
isxdigit                                          startup.o
itoa                                              startup.o
jrand48                                           startup.o
jumptbl_ptr                                       startup.o
kbhit                                             startup.o
                                                  obj/input.o
kill                                              startup.o
l64a                                              startup.o
lBarcodes                                         obj/demo.o
lBaudrate                                         obj/demo.o
lDatabits                                         obj/demo.o
lDrive                                            obj/demo.o
lParity                                           obj/demo.o
lPort                                             obj/demo.o
lProtocol                                         obj/demo.o
lStopbits                                         obj/demo.o
labs                                              startup.o
lcong48                                           startup.o
ldexp                                             startup.o
ldexpf                                            startup.o
ldiv                                              startup.o
link                                              startup.o
list_db_contents                                  obj/demo.o
llabs                                             startup.o
lldiv                                             startup.o
loaddisplay                                       startup.o
localeconv                                        startup.o
localtime                                         startup.o
longjmp                                           startup.o
lseek                                             startup.o
                                                  obj/database.o
main                                              obj/demo.o
                                                  startup.o
mallinfo                                          startup.o
malloc                                            startup.o
                                                  obj/database.o
malloc_stats                                      startup.o
malloc_trim                                       startup.o
malloc_usable_size                                startup.o
mallopt                                           startup.o
mblen                                             startup.o
mbrlen                                            startup.o
mbrtowc                                           startup.o
mbsinit                                           startup.o
mbsrtowcs                                         startup.o
mbstowcs                                          startup.o
mbtowc                                            startup.o
memalign                                          startup.o
memccpy                                           startup.o
memchr                                            startup.o
memcmp                                            startup.o
                                                  obj/database.o
memcpy                                            startup.o
                                                  obj/database.o
                                                  obj/demo.o
memmove                                           startup.o
                                                  obj/database.o
mempcpy                                           startup.o
memset                                            startup.o
                                                  obj/menu.o
                                                  obj/demo.o
mkstemp                                           startup.o
mktemp                                            startup.o
mktime                                            startup.o
modf                                              startup.o
modff                                             startup.o
mrand48                                           startup.o
mstats                                            startup.o
neto_receive                                      startup.o
neto_receive2                                     startup.o
neto_transmit                                     startup.o
                                                  obj/demo.o
neto_transmit2                                    startup.o
nl_langinfo                                       startup.o
nrand48                                           startup.o
on_exit                                           startup.o
open                                              startup.o
                                                  obj/database.o
perror                                            startup.o
powereddown                                       startup.o
printf                                            startup.o
                                                  obj/menu.o
                                                  obj/input.o
                                                  obj/demo.o
printsymbol                                       startup.o
programbuffer                                     startup.o
programbyte                                       startup.o
programword                                       startup.o
putc                                              startup.o
putc_unlocked                                     startup.o
putchar                                           startup.o
                                                  obj/demo.o
putchar_unlocked                                  startup.o
putcom                                            startup.o
                                                  obj/demo.o
putenv                                            startup.o
putnstring                                        startup.o
puts                                              startup.o
                                                  obj/demo.o
putstring                                         startup.o
putw                                              startup.o
pvalloc                                           startup.o
qsort                                             startup.o
raise                                             startup.o
rand                                              startup.o
read                                              startup.o
                                                  obj/database.o
readbarcode                                       startup.o
                                                  obj/input.o
realloc                                           startup.o
remove                                            startup.o
                                                  obj/database.o
                                                  obj/demo.o
rename                                            startup.o
resetkey                                          startup.o
                                                  obj/menu.o
                                                  obj/input.o
resetreceive                                      startup.o
rewind                                            startup.o
rindex                                            startup.o
runapplfromfile                                   startup.o
savedisplay                                       startup.o
sbrk                                              startup.o
scalbn                                            startup.o
scalbnf                                           startup.o
scanf                                             startup.o
scanneroff                                        startup.o
scannerpower                                      startup.o
                                                  obj/input.o
secretstring                                      startup.o
seed48                                            startup.o
set_barcodes                                      obj/demo.o
set_baudrate                                      obj/demo.o
set_databits                                      obj/demo.o
set_default_drive                                 startup.o
set_offset                                        startup.o
                                                  obj/menu.o
set_parity                                        obj/demo.o
set_stopbits                                      obj/demo.o
setbuf                                            startup.o
setbuffer                                         startup.o
setdate                                           startup.o
setdatetime                                       startup.o
setecho                                           startup.o
setenv                                            startup.o
setfont                                           startup.o
                                                  obj/menu.o
                                                  obj/demo.o
setjmp                                            startup.o
setlinebuf                                        startup.o
setlocale                                         startup.o
setpixel                                          startup.o
                                                  obj/menu.o
setterminalid                                     startup.o
settime                                           startup.o
setvbuf                                           startup.o
showpicture                                       startup.o
                                                  obj/menu.o
signal                                            startup.o
siprintf                                          startup.o
siscanf                                           startup.o
sniprintf                                         startup.o
snprintf                                          startup.o
sound                                             startup.o
                                                  obj/menu.o
                                                  obj/input.o
sprintf                                           startup.o
                                                  obj/menu.o
                                                  obj/demo.o
srand                                             startup.o
srand48                                           startup.o
sscanf                                            startup.o
starttimer                                        startup.o
stat                                              startup.o
store_input_data                                  obj/demo.o
strcasecmp                                        startup.o
strcat                                            startup.o
                                                  obj/menu.o
                                                  obj/input.o
strchr                                            startup.o
                                                  obj/input.o
strcmp                                            startup.o
strcoll                                           startup.o
strcpy                                            startup.o
                                                  obj/input.o
strcspn                                           startup.o
strdup                                            startup.o
strerror                                          startup.o
strftime                                          startup.o
string_quantity_to_long                           obj/demo.o
strlcat                                           startup.o
strlcpy                                           startup.o
strlen                                            startup.o
                                                  obj/input.o
                                                  obj/demo.o
strlwr                                            startup.o
strncasecmp                                       startup.o
strncat                                           startup.o
strncmp                                           startup.o
strncpy                                           startup.o
                                                  obj/demo.o
strndup                                           startup.o
strnlen                                           startup.o
strpbrk                                           startup.o
strptime                                          startup.o
strrchr                                           startup.o
                                                  obj/menu.o
strsep                                            startup.o
strspn                                            startup.o
strstr                                            startup.o
strtod                                            startup.o
strtof                                            startup.o
strtok                                            startup.o
strtol                                            startup.o
strtoll                                           startup.o
strtoul                                           startup.o
strtoull                                          startup.o
strupr                                            startup.o
strxfrm                                           startup.o
swab                                              startup.o
system                                            startup.o
systemsetting                                     startup.o
                                                  obj/demo.o
tdelete                                           startup.o
tdestroy                                          startup.o
tell                                              startup.o
tempnam                                           startup.o
tfind                                             startup.o
time                                              startup.o
timervalue                                        startup.o
times                                             startup.o
tmpfile                                           startup.o
tmpnam                                            startup.o
toascii                                           startup.o
tolower                                           startup.o
toupper                                           startup.o
towctrans                                         startup.o
towlower                                          startup.o
towupper                                          startup.o
triggerpressed                                    startup.o
tsearch                                           startup.o
twalk                                             startup.o
tzset                                             startup.o
ungetc                                            startup.o
                                                  obj/input.o
unlink                                            startup.o
unsetenv                                          startup.o
uppressed                                         startup.o
valloc                                            startup.o
vasiprintf                                        startup.o
vasprintf                                         startup.o
version_os                                        startup.o
                                                  obj/demo.o
version_rom                                       startup.o
vfiprintf                                         startup.o
vfiscanf                                          startup.o
vfprintf                                          startup.o
vfscanf                                           startup.o
vibrate                                           startup.o
viprintf                                          startup.o
viscanf                                           startup.o
vprintf                                           startup.o
vscanf                                            startup.o
vsiprintf                                         startup.o
vsiscanf                                          startup.o
vsniprintf                                        startup.o
vsnprintf                                         startup.o
vsprintf                                          startup.o
vsscanf                                           startup.o
wait                                              startup.o
wcrtomb                                           startup.o
wcscat                                            startup.o
wcschr                                            startup.o
wcscmp                                            startup.o
wcscoll                                           startup.o
wcscpy                                            startup.o
wcscspn                                           startup.o
wcslcat                                           startup.o
wcslcpy                                           startup.o
wcslen                                            startup.o
wcsncat                                           startup.o
wcsncmp                                           startup.o
wcsncpy                                           startup.o
wcsnlen                                           startup.o
wcspbrk                                           startup.o
wcsrchr                                           startup.o
wcsrtombs                                         startup.o
wcsspn                                            startup.o
wcsstr                                            startup.o
wcstombs                                          startup.o
wcswidth                                          startup.o
wctob                                             startup.o
wctomb                                            startup.o
wctrans                                           startup.o
wctype                                            startup.o
wcwidth                                           startup.o
wherex                                            startup.o
wherey                                            startup.o
wmemchr                                           startup.o
wmemcmp                                           startup.o
wmemcpy                                           startup.o
wmemmove                                          startup.o
wmemset                                           startup.o
write                                             startup.o
                                                  obj/database.o
xmodemreceive                                     startup.o
xmodemtransmit                                    startup.o
