Archive member included because of file (symbol)

c:/winarm/bin/../lib/gcc/arm-elf/4.0.1/../../../../arm-elf/lib/thumb/interwork\libc.a(ctype_.o)
                              obj/input.o (_ctype_)
c:/winarm/bin/../lib/gcc/arm-elf/4.0.1/../../../../arm-elf/lib/thumb/interwork\libc.a(impure.o)
                              obj/demo.o (_impure_ptr)
c:/winarm/bin/../lib/gcc/arm-elf/4.0.1/thumb/interwork\libgcc.a(_udivsi3.o)
                              obj/demo.o (__udivsi3)
c:/winarm/bin/../lib/gcc/arm-elf/4.0.1/thumb/interwork\libgcc.a(_divsi3.o)
                              obj/database.o (__divsi3)
c:/winarm/bin/../lib/gcc/arm-elf/4.0.1/thumb/interwork\libgcc.a(_modsi3.o)
                              obj/database.o (__modsi3)
c:/winarm/bin/../lib/gcc/arm-elf/4.0.1/thumb/interwork\libgcc.a(_dvmd_tls.o)
                              c:/winarm/bin/../lib/gcc/arm-elf/4.0.1/thumb/interwork\libgcc.a(_udivsi3.o) (__div0)

Allocating common symbols
Common symbol       size              file

lDatabits           0x4               obj/demo.o
lProtocol           0x4               obj/demo.o
lParity             0x4               obj/demo.o
lPort               0x4               obj/demo.o
lBarcodes           0x4               obj/demo.o
lStopbits           0x4               obj/demo.o
lDrive              0x4               obj/demo.o
lBaudrate           0x4               obj/demo.o

Memory Configuration

Name             Origin             Length             Attributes
ROM              0x60000000         0x00400000         xr
RAM              0x62000000         0x00020000         rw
*default*        0x00000000         0xffffffff

Linker script and memory map

LOAD obj/demo.o
LOAD obj/database.o
LOAD obj/input.o
LOAD obj/menu.o
LOAD startup.o
LOAD c:/winarm/bin/../lib/gcc/arm-elf/4.0.1/../../../../arm-elf/lib/thumb/interwork\libc.a
LOAD c:/winarm/bin/../lib/gcc/arm-elf/4.0.1/../../../../arm-elf/lib/thumb/interwork\libm.a
LOAD c:/winarm/bin/../lib/gcc/arm-elf/4.0.1/thumb/interwork\libgcc.a

MAGIC_WORD      0x60100000       0x30
 *(AP_HEAD)
 AP_HEAD        0x60100000       0x30 startup.o

APP_START       0x60100100       0xa8
                0x60100100                _appstart = .
 *(AP_START)
 AP_START       0x60100100       0xa8 startup.o
                0x601001a8                _eappstart = .

PROGRAM         0x601001a8     0x7526
 *(.text .text.*)
 .text          0x601001a8     0x10d4 obj/demo.o
                0x601007d4                ScanLabels
                0x60100db4                _SystemMenu
                0x601004bc                diplay_input_data
                0x60100c40                SelectProtocol
                0x601001d4                set_databits
                0x601006e0                fill_record_struct
                0x60100c10                ComPortSettings
                0x60100d4c                SetBarcodes
                0x60100200                set_parity
                0x60100bd8                SelectStopbits
                0x60100ba0                SelectDatabits
                0x6010055c                store_input_data
                0x601002a0                set_barcodes
                0x60100d88                AvailableMemory
                0x60100680                string_quantity_to_long
                0x60100744                FindBarcodeInDatabase
                0x60100af0                SelectPort
                0x601008d0                display_scroll_data
                0x60100e20                TransmitData
                0x601011e0                main
                0x60100920                get_record
                0x60100b64                SelectParity
                0x601009e8                ScrollDatabase
                0x601001a8                set_stopbits
                0x6010106c                ShowFonts
                0x6010101c                ShowVersion
                0x60100c74                ChangeContrast
                0x6010110c                file_test
                0x60100de4                DeleteDatabase
                0x60100b28                SelectBaudrate
                0x60100238                set_baudrate
 .text          0x6010127c      0xd44 obj/database.o
                0x601012d4                CloseDatabase
                0x60101eb8                CreateIndexFile
                0x60101600                ReadLastRecord
                0x60101518                BinarySearch
                0x6010165c                WriteRecord
                0x60101304                OpenDatabase
                0x60101598                ReadNextRecord
                0x601013f0                ReadCurrentRecord
                0x6010181c                SearchIndexFile
                0x6010127c                GetDBErrorCode
                0x601014ac                LineairSearch
                0x6010147c                GotoRecord
                0x60101634                ReadFirstRecord
                0x60101ab4                AddNewSearchkeyToIndex
                0x60101b50                HeapSort
                0x60101978                InsertionSort
                0x601013b4                OpenIndexFile
                0x601015cc                ReadPreviousRecord
                0x60101288                CreateDatabase
                0x601013c8                GetCurrentRecord
                0x60101c9c                QuickSort
                0x601018b8                DeleteRecord
                0x6010145c                GetTotalRecords
 .text          0x60101fc0      0x664 obj/input.o
                0x601023f8                ScanOrKeyboardInputSymbol
                0x60102370                ScanOrKeyboardInput
                0x60101fc0                WaitForKey
                0x6010225c                KeyboardInput
                0x60102484                KeyboardNumeric
                0x60102090                ScanBarcodeSymbol
                0x60102050                WaitForKeys
                0x601021a0                ScanBarcode
 .text          0x60102624      0xc30 obj/menu.o
                0x60102be4                GraphIncLayer
                0x60102e70                ShowGraphMenu
                0x6010297c                ShowTextSelectionMenu
                0x6010271c                ShowTextMenu
                0x60102bc8                InitGraphMenu
                0x601030c0                ShowGraphSelectionMenu
 .text          0x60103254      0xe10 startup.o
                0x601037fc                fiscanf
                0x60103bfc                longjmp
                0x60103b1c                putchar
                0x60103ebc                tsearch
                0x601034cc                programbuffer
                0x60103b3c                putw
                0x60103a2c                mbrlen
                0x60103cc4                strcpy
                0x601036ec                asctime
                0x601034f4                WaitKey
                0x60103bec                unsetenv
                0x6010351c                chsize
                0x60103734                bcmp
                0x60103bf4                setjmp
                0x60103e74                tmpfile
                0x601035c4                ShowJPG_File
                0x60103f34                vscanf
                0x60103c3c                ldexpf
                0x60103b04                printf
                0x60103f5c                vsprintf
                0x60103b14                putc_unlocked
                0x601032cc                endtimer
                0x60103ed4                ungetc
                0x6010326c                checktime
                0x60103d04                strlwr
                0x60103664                set_default_drive
                0x601034ac                eraseblock
                0x601032c4                drawline
                0x60103cdc                strerror
                0x60103d2c                strndup
                0x6010346c                wherey
                0x60103694                argz_add_sep
                0x60103584                blt_discovery
                0x60103a7c                memmove
                0x601038bc                hsearch
                0x60103fac                wcslcpy
                0x60103c7c                snprintf
                0x6010358c                blt_unpair
                0x60103714                atoff
                0x60103724                atol
                0x60103774                __errno
                0x6010362c                FillCircle
                0x60103ac4                malloc_stats
                0x60103e34                times
                0x60103c44                modff
                0x60103aec                nrand48
                0x60103564                SetBltPin
                0x6010387c                getenv
                0x60103fb4                wcslen
                0x60103954                iswcntrl
                0x60103984                iswpunct
                0x60103444                systemsetting
                0x6010366c                __srget
                0x601038ec                isblank
                0x60103c04                setlinebuf
                0x601039bc                labs
                0x6010341c                SetTickCount
                0x60103294                coreleft
                0x60103944                iswalpha
                0x6010388c                gets
                0x6010394c                iswblank
                0x60103744                bsearch
                0x60103dcc                execve
                0x60103f64                vsscanf
                0x60103dec                getpid
                0x601036cc                argz_insert
                0x60103b44                qsort
                0x60103fe4                wcsrchr
                0x60103834                fscanf
                0x601037e4                fgets
                0x6010399c                iswxdigit
                0x601032ec                format
                0x601038ac                hcreate
                0x6010386c                getc
                0x6010340c                SetSystemTime
                0x60103a74                memcpy
                0x60103c0c                setvbuf
                0x60103614                ScrollUp
                0x601036a4                argz_count
                0x60103afc                perror
                0x60103db4                swab
                0x60103ad4                mstats
                0x60103c2c                isinff
                0x601035b4                SetCursorColor
                0x60103b34                puts
                0x60103644                vibrate
                0x6010390c                islower
                0x60103a34                mbrtowc
                0x60103e94                tolower
                0x6010368c                argz_add
                0x601038f4                iscanf
                0x60103974                iswlower
                0x60103e2c                system
                0x601037b4                feof
                0x60103fdc                wcspbrk
                0x6010331c                getterminalid
                0x601036e4                argz_stringify
                0x60103a14                malloc
                0x60103b64                remove
                0x60103dbc                isatty
                0x6010398c                iswspace
                0x6010343c                starttimer
                0x601032b4                downloadapplication
                0x6010374c                btowc
                0x60103bac                ldexp
                0x60103f54                vsnprintf
                0x60103d8c                strtoll
                0x6010352c                putnstring
                0x60103fc4                wcsncmp
                0x6010338c                powereddown
                0x60103d94                strtoul
                0x6010364c                itoa
                0x6010334c                isBuzzerOn
                0x60103ffc                wcsstr
                0x60103534                SoftReset
                0x60103a9c                mktemp
                0x60103924                ispunct
                0x6010335c                kbhit
                0x6010401c                wctomb
                0x60103c1c                finitef
                0x60104004                wcstombs
                0x6010365c                StoreCoverDetection
                0x60103ee4                pvalloc
                0x6010392c                isspace
                0x60103a84                mempcpy
                0x601037c4                fflush
                0x60103c34                isnanf
                0x60103274                checkdate
                0x60103a4c                mbstowcs
                0x60103b2c                putenv
                0x601036ac                argz_create
                0x6010350c                lseek
                0x6010404c                wmemcpy
                0x601033c4                savedisplay
                0x60103d0c                strncasecmp
                0x60103754                bzero
                0x60103574                SetBltLocalName
                0x60103bdc                setbuffer
                0x60103f3c                vsiprintf
                0x601039dc                abort
                0x60103f8c                wcscoll
                0x60103bcc                seed48
                0x601036f4                asiprintf
                0x601039a4                isxdigit
                0x60103e54                tdelete
                0x60103454                triggerpressed
                0x6010361c                FillRect
                0x601032fc                getcom
                0x601039e4                alarm
                0x60103d84                strtol
                0x601033e4                SetAlarm
                0x6010384c                fsetpos
                0x60103d34                strnlen
                0x60103a24                mblen
                0x601035ac                secretstring
                0x6010397c                iswprint
                0x601033cc                scanneroff
                0x60103b6c                rename
                0x60103f4c                vsniprintf
                0x60103d4c                strrchr
                0x60103f94                wcscpy
                0x6010375c                calloc
                0x60103434                sound
                0x601033ac                resetkey
                0x60103ab4                malloc_usable_size
                0x60103e5c                tdestroy
                0x60103d6c                strtod
                0x60103b9c                isinf
                0x60103b7c                rindex
                0x60103e4c                write
                0x6010403c                wmemchr
                0x601034b4                erasesector
                0x6010370c                atof
                0x60103de4                fstat
                0x6010380c                fprintf
                0x60103dfc                kill
                0x6010396c                iswgraph
                0x6010377c                ctime
                0x601034e4                InstallHeartbeatHandler
                0x601037cc                ffs
                0x60103ca4                strcat
                0x601033bc                runapplfromfile
                0x6010345c                uppressed
                0x60103f2c                vprintf
                0x60103c74                sniprintf
                0x601034a4                GetFlashSize
                0x60103844                fseeko
                0x60103514                tell
                0x60103bb4                modf
                0x60103374                neto_receive2
                0x601036c4                argz_extract
                0x6010383c                fseek
                0x60103ae4                nl_langinfo
                0x60103634                DrawEllipse
                0x601033dc                set_offset
                0x60103a5c                memccpy
                0x6010347c                xmodemtransmit
                0x60103a64                memchr
                0x6010328c                contrast
                0x60103e64                tfind
                0x60103e44                wait
                0x60103324                GetTickCount
                0x6010342c                showpicture
                0x6010344c                timervalue
                0x60103254                autopowerdown
                0x60103aa4                mktime
                0x601034dc                EnableInts
                0x60103344                idle
                0x60103484                version_os
                0x601034fc                setdatetime
                0x601032a4                cursor
                0x601037bc                ferror
                0x60103d64                strstr
                0x60103544                GetBatteryVoltage
                0x60103b54                rand
                0x6010385c                ftello
                0x60103c5c                signal
                0x60103e14                read
                0x60103474                xmodemreceive
                0x60103264                batteryvoltage
                0x60103cf4                strlcpy
                0x6010395c                iswctype
                0x60103cbc                strcoll
                0x60103934                isupper
                0x60103d1c                strncmp
                0x601039b4                l64a
                0x6010355c                SetBltAddress
                0x60103fec                wcsrtombs
                0x6010405c                wmemset
                0x60103d24                strncpy
                0x60103e3c                unlink
                0x60103be4                setenv
                0x60103c9c                strcasecmp
                0x60104034                wcwidth
                0x601038e4                isascii
                0x60103384                neto_transmit2
                0x60103b5c                realloc
                0x60103af4                on_exit
                0x601037a4                fcloseall
                0x60103eb4                towupper
                0x601033a4                readbarcode
                0x60103414                setterminalid
                0x6010327c                comopen
                0x6010373c                bcopy
                0x60103fd4                wcsnlen
                0x60103ea4                towctrans
                0x60103d7c                strtok
                0x60103a6c                memcmp
                0x60103adc                malloc_trim
                0x6010325c                backlight
                0x601037ac                fdopen
                0x60103ddc                fork
                0x60103c94                sscanf
                0x601038dc                isalpha
                0x60103f9c                wcscspn
                0x60103d14                strncat
                0x601039cc                lcong48
                0x60103554                GetBltPin
                0x60103f7c                wcschr
                0x60103464                wherex
                0x60103c8c                srand48
                0x60103824                fread
                0x6010363c                FillEllipse
                0x60103e1c                sbrk
                0x601032d4                findnext
                0x60103cd4                strdup
                0x60103c4c                scalbnf
                0x6010357c                blt_is_connected
                0x601035e4                BackLightLvl
                0x60103304                getdate
                0x60103d9c                strtoull
                0x601038c4                index
                0x60103df4                gettimeofday
                0x60103804                fopen
                0x60103fbc                wcsncat
                0x60103884                getopt
                0x60103394                printsymbol
                0x601039c4                localtime
                0x60103a8c                memset
                0x601033ec                setdate
                0x60103604                PrintChar
                0x60103ff4                wcsspn
                0x60103854                ftell
                0x60103b4c                srand
                0x60103674                __swbuf
                0x60103dac                strxfrm
                0x60103cec                strlcat
                0x60103a44                mbsrtowcs
                0x6010402c                wctype
                0x6010376c                clearerr
                0x6010330c                getfontsize
                0x60103acc                mallopt
                0x6010379c                fclose
                0x601035ec                SetBackLightLvl
                0x60103354                ischarging
                0x60103874                getchar
                0x601032e4                flipscreen
                0x601034bc                programbyte
                0x60103e6c                time
                0x6010354c                GetBltAddress
                0x60103914                isgraph
                0x60103fcc                wcsncpy
                0x6010359c                SetTextColor
                0x601037dc                fgetpos
                0x601038d4                isalnum
                0x601038b4                hdestroy
                0x60103e84                tmpnam
                0x6010391c                isprint
                0x60103aac                mrand48
                0x60103b0c                putc
                0x60103b8c                finite
                0x60103284                comclose
                0x60103cb4                strcmp
                0x60103c6c                siscanf
                0x60103424                settime
                0x60103efc                vfiprintf
                0x60103b84                copysign
                0x601032ac                delay
                0x60103f04                vfiscanf
                0x601038cc                iprintf
                0x60103654                OseComm
                0x601035d4                BitBlt
                0x60103c14                copysignf
                0x601037d4                fgetc
                0x60103a0c                memalign
                0x60103c84                sprintf
                0x601036fc                asprintf
                0x60103784                difftime
                0x60103314                GetSystemTime
                0x60103f24                viscanf
                0x60103d74                strtof
                0x60103704                atexit
                0x60103e8c                toascii
                0x60103ccc                strcspn
                0x601035f4                SetAutoBacklight
                0x60103334                goodreadled
                0x601033fc                setfont
                0x601039fc                setlocale
                0x60103894                getsubopt
                0x60103964                iswdigit
                0x60103bc4                scanf
                0x60103a94                mkstemp
                0x601034ec                RemoveHeartbeatHandler
                0x60103bbc                scalbn
                0x601036dc                argz_replace
                0x60103d54                strsep
                0x60103764                cfree
                0x60103ba4                isnan
                0x60103b24                putchar_unlocked
                0x601039d4                ldiv
                0x6010353c                GetTemperature
                0x601032dc                findfirst
                0x60103edc                valloc
                0x60103814                fputc
                0x6010356c                GetBltLocalName
                0x60103abc                mallinfo
                0x601034d4                DisableInts
                0x60103eec                vasiprintf
                0x60103994                iswupper
                0x60103ec4                twalk
                0x601033f4                setecho
                0x60103ce4                strftime
                0x60103a04                localeconv
                0x601036b4                argz_create_sep
                0x6010333c                gotoxy
                0x60104044                wmemcmp
                0x60103e24                stat
                0x601039f4                lldiv
                0x60104054                wmemmove
                0x60103904                isdigit
                0x6010348c                version_rom
                0x60103864                fwrite
                0x60103684                access
                0x6010332c                gettime
                0x6010329c                Heap_CoreLeft
                0x60103fa4                wcslcat
                0x60103f14                vfscanf
                0x60103d44                strptime
                0x60103b74                rewind
                0x6010382c                freopen
                0x6010360c                ClearDisplay
                0x601035cc                ShowJPG
                0x60103e04                link
                0x60103794                exit
                0x601037f4                fiprintf
                0x60103624                DrawCircle
                0x601035fc                SetPrintCharFunction
                0x60103eac                towlower
                0x60103f44                vsiscanf
                0x601039ec                llabs
                0x60103bd4                setbuf
                0x60103c24                frexpf
                0x6010393c                iswalnum
                0x60103f84                wcscmp
                0x601034c4                programword
                0x60103364                loaddisplay
                0x60103c64                siprintf
                0x6010371c                atoi
                0x601038fc                iscntrl
                0x601037ec                fileno
                0x60103da4                strupr
                0x60103f74                wcscat
                0x601038a4                gmtime
                0x60103d5c                strspn
                0x60104014                wctob
                0x60103e7c                tempnam
                0x60103594                SetBltPinCallback
                0x60103cfc                strlen
                0x6010369c                argz_append
                0x6010349c                GetBootVersion
                0x60103e0c                open
                0x601032f4                fsize
                0x60103e9c                toupper
                0x6010372c                atoll
                0x6010337c                neto_transmit
                0x6010389c                getw
                0x601036d4                argz_next
                0x6010378c                div
                0x6010367c                abs
                0x60103cac                strchr
                0x6010400c                wcswidth
                0x6010381c                fputs
                0x601036bc                argz_delete
                0x601035bc                ShowBMP
                0x60103ef4                vasprintf
                0x60103dd4                fcntl
                0x60103ecc                tzset
                0x601039ac                jrand48
                0x60103524                putstring
                0x601032bc                downpressed
                0x601035a4                SetBackColor
                0x601033b4                resetreceive
                0x60103f6c                wcrtomb
                0x60103b94                frexp
                0x601033d4                scannerpower
                0x60103dc4                close
                0x6010336c                neto_receive
                0x6010339c                putcom
                0x601035dc                ShowGIF
                0x60103a54                mbtowc
                0x60103f1c                viprintf
                0x60103f0c                vfprintf
                0x60103d3c                strpbrk
                0x60103404                setpixel
                0x60103c54                raise
                0x60103a1c                free
                0x60103a3c                mbsinit
                0x60104024                wctrans
                0x60103494                GetOsVersion
 .text          0x60104064       0x8c c:/winarm/bin/../lib/gcc/arm-elf/4.0.1/thumb/interwork\libgcc.a(_udivsi3.o)
                0x60104064                __udivsi3
                0x601040e0                __aeabi_uidivmod
 .text          0x601040f0       0xa4 c:/winarm/bin/../lib/gcc/arm-elf/4.0.1/thumb/interwork\libgcc.a(_divsi3.o)
                0x601040f0                __divsi3
                0x60104184                __aeabi_idivmod
 .text          0x60104194       0xd8 c:/winarm/bin/../lib/gcc/arm-elf/4.0.1/thumb/interwork\libgcc.a(_modsi3.o)
                0x60104194                __modsi3
 .text          0x6010426c        0x4 c:/winarm/bin/../lib/gcc/arm-elf/4.0.1/thumb/interwork\libgcc.a(_dvmd_tls.o)
                0x6010426c                __aeabi_ldiv0
                0x6010426c                __div0
                0x6010426c                __aeabi_idiv0
 *(.gnu.linkonce.t.*)
 *(.glue_7)
 *(.glue_7t)
 *(.gcc_except_table)
 *(.rodata)
 .rodata        0x60104270     0x2778 obj/demo.o
                0x60104270                _fonts
                0x60104674                _drive
                0x60106492                _scan
                0x60105a88                _version
                0x60105280                _barcode
                0x60106290                _scroll
                0x6010507e                _memory
                0x60104e7c                _flash
                0x6010608e                _tools
                0x60104472                _comport
                0x60105684                _protocol
                0x60105482                _display
                0x60104876                _databits
                0x60104c7a                _stop
                0x60105886                _comp
                0x60105e8c                _trash
                0x60105c8a                _transmit
                0x60104a78                _parity
 .rodata        0x601069e8       0x14 obj/input.o
 .rodata        0x601069fc      0x33c obj/menu.o
                0x60106b36                _exitsign
                0x601069fc                _uncheck
                0x60106b00                _select
                0x60106b22                _down_arrow
                0x60106b2c                _up_arrow
                0x60106a7e                _checked
 .rodata        0x60106d38      0x101 c:/winarm/bin/../lib/gcc/arm-elf/4.0.1/../../../../arm-elf/lib/thumb/interwork\libc.a(ctype_.o)
                0x60106d38                _ctype_
 *fill*         0x60106e39        0x3 00
 .rodata        0x60106e3c        0x4 c:/winarm/bin/../lib/gcc/arm-elf/4.0.1/../../../../arm-elf/lib/thumb/interwork\libc.a(impure.o)
                0x60106e3c                _global_impure_ptr
 *(.rodata*)
 .rodata.str1.4
                0x60106e40      0x80c obj/demo.o
                                0x81c (size before relaxing)
 .rodata.str1.4
                0x6010764c        0xa obj/input.o
                                 0x1c (size before relaxing)
 *fill*         0x60107656        0x2 00
 .rodata.str1.4
                0x60107658       0x74 obj/menu.o
                                 0x8c (size before relaxing)
 .rodata.str1.4
                0x601076cc        0x2 c:/winarm/bin/../lib/gcc/arm-elf/4.0.1/../../../../arm-elf/lib/thumb/interwork\libc.a(impure.o)
                                  0x4 (size before relaxing)
 *(.gnu.linkonce.r.*)
                0x601076d0                . = ALIGN (0x4)
                0x601076d0                _program_end = .

.data           0x62000000      0x418 load address 0x601076d0
                0x62000000                _data = .
 *(.data)
 .data          0x62000000       0x10 startup.o
                0x62000000                jumptbl_ptr
 .data          0x62000010        0x4 c:/winarm/bin/../lib/gcc/arm-elf/4.0.1/../../../../arm-elf/lib/thumb/interwork\libc.a(ctype_.o)
                0x62000010                __ctype_ptr
 .data          0x62000014      0x404 c:/winarm/bin/../lib/gcc/arm-elf/4.0.1/../../../../arm-elf/lib/thumb/interwork\libc.a(impure.o)
                0x62000414                _impure_ptr
 *(.data.*)
 *(.gnu.linkonce.d*)
                0x62000418                . = ALIGN (0x4)
                0x62000418                _edata = .
                0x62000418                _ram_end = .
                0x60107ae8                _code_end = ((_ram_end - _data) + _program_end)

.bss            0x62000418     0x2210
                0x62000418                _bss = .
 *(.bss)
 .bss           0x62000418     0x214c obj/demo.o
 .bss           0x62002564        0x8 obj/database.o
 .bss           0x6200256c       0x33 obj/input.o
 *fill*         0x6200259f        0x1 00
 .bss           0x620025a0       0x68 obj/menu.o
 *(.gnu.linkonce.b*)
 *(COMMON)
 COMMON         0x62002608       0x20 obj/demo.o
                0x62002608                lDatabits
                0x6200260c                lProtocol
                0x62002610                lParity
                0x62002614                lPort
                0x62002618                lBarcodes
                0x6200261c                lStopbits
                0x62002620                lDrive
                0x62002624                lBaudrate
                0x62002628                . = ALIGN (0x4)
                0x62002628                _ebss = .
OUTPUT(XPA30925.elf elf32-littlearm)

.comment        0x00000000       0xa2
 .comment       0x00000000       0x1b obj/demo.o
 .comment       0x0000001b       0x1b obj/database.o
 .comment       0x00000036       0x1b obj/input.o
 .comment       0x00000051       0x1b obj/menu.o
 .comment       0x0000006c       0x1b c:/winarm/bin/../lib/gcc/arm-elf/4.0.1/../../../../arm-elf/lib/thumb/interwork\libc.a(ctype_.o)
 .comment       0x00000087       0x1b c:/winarm/bin/../lib/gcc/arm-elf/4.0.1/../../../../arm-elf/lib/thumb/interwork\libc.a(impure.o)

.debug_line     0x00000000      0x3ed
 .debug_line    0x00000000      0x22a startup.o
 .debug_line    0x0000022a       0x73 c:/winarm/bin/../lib/gcc/arm-elf/4.0.1/thumb/interwork\libgcc.a(_udivsi3.o)
 .debug_line    0x0000029d       0x7f c:/winarm/bin/../lib/gcc/arm-elf/4.0.1/thumb/interwork\libgcc.a(_divsi3.o)
 .debug_line    0x0000031c       0x74 c:/winarm/bin/../lib/gcc/arm-elf/4.0.1/thumb/interwork\libgcc.a(_modsi3.o)
 .debug_line    0x00000390       0x5d c:/winarm/bin/../lib/gcc/arm-elf/4.0.1/thumb/interwork\libgcc.a(_dvmd_tls.o)

.debug_info     0x00000000      0x216
 .debug_info    0x00000000       0x46 startup.o
 .debug_info    0x00000046       0x74 c:/winarm/bin/../lib/gcc/arm-elf/4.0.1/thumb/interwork\libgcc.a(_udivsi3.o)
 .debug_info    0x000000ba       0x74 c:/winarm/bin/../lib/gcc/arm-elf/4.0.1/thumb/interwork\libgcc.a(_divsi3.o)
 .debug_info    0x0000012e       0x74 c:/winarm/bin/../lib/gcc/arm-elf/4.0.1/thumb/interwork\libgcc.a(_modsi3.o)
 .debug_info    0x000001a2       0x74 c:/winarm/bin/../lib/gcc/arm-elf/4.0.1/thumb/interwork\libgcc.a(_dvmd_tls.o)

.debug_abbrev   0x00000000       0x60
 .debug_abbrev  0x00000000       0x10 startup.o
 .debug_abbrev  0x00000010       0x14 c:/winarm/bin/../lib/gcc/arm-elf/4.0.1/thumb/interwork\libgcc.a(_udivsi3.o)
 .debug_abbrev  0x00000024       0x14 c:/winarm/bin/../lib/gcc/arm-elf/4.0.1/thumb/interwork\libgcc.a(_divsi3.o)
 .debug_abbrev  0x00000038       0x14 c:/winarm/bin/../lib/gcc/arm-elf/4.0.1/thumb/interwork\libgcc.a(_modsi3.o)
 .debug_abbrev  0x0000004c       0x14 c:/winarm/bin/../lib/gcc/arm-elf/4.0.1/thumb/interwork\libgcc.a(_dvmd_tls.o)

.debug_aranges  0x00000000       0xa8
 .debug_aranges
                0x00000000       0x28 startup.o
 .debug_aranges
                0x00000028       0x20 c:/winarm/bin/../lib/gcc/arm-elf/4.0.1/thumb/interwork\libgcc.a(_udivsi3.o)
 .debug_aranges
                0x00000048       0x20 c:/winarm/bin/../lib/gcc/arm-elf/4.0.1/thumb/interwork\libgcc.a(_divsi3.o)
 .debug_aranges
                0x00000068       0x20 c:/winarm/bin/../lib/gcc/arm-elf/4.0.1/thumb/interwork\libgcc.a(_modsi3.o)
 .debug_aranges
                0x00000088       0x20 c:/winarm/bin/../lib/gcc/arm-elf/4.0.1/thumb/interwork\libgcc.a(_dvmd_tls.o)

Cross Reference Table

Symbol                                            File
AddNewSearchkeyToIndex                            obj/database.o
AvailableMemory                                   obj/demo.o
BackLightLvl                                      startup.o
BinarySearch                                      obj/database.o
                                                  obj/demo.o
BitBlt                                            startup.o
ChangeContrast                                    obj/demo.o
ClearDisplay                                      startup.o
CloseDatabase                                     obj/database.o
                                                  obj/demo.o
ComPortSettings                                   obj/demo.o
CreateDatabase                                    obj/database.o
                                                  obj/demo.o
CreateIndexFile                                   obj/database.o
DeleteDatabase                                    obj/demo.o
DeleteRecord                                      obj/database.o
DisableInts                                       startup.o
DrawCircle                                        startup.o
DrawEllipse                                       startup.o
EnableInts                                        startup.o
FillCircle                                        startup.o
FillEllipse                                       startup.o
FillRect                                          startup.o
FindBarcodeInDatabase                             obj/demo.o
GetBatteryVoltage                                 startup.o
GetBltAddress                                     startup.o
GetBltLocalName                                   startup.o
GetBltPin                                         startup.o
GetBootVersion                                    startup.o
GetCurrentRecord                                  obj/database.o
GetDBErrorCode                                    obj/database.o
                                                  obj/demo.o
GetFlashSize                                      startup.o
GetOsVersion                                      startup.o
GetSystemTime                                     startup.o
GetTemperature                                    startup.o
GetTickCount                                      startup.o
GetTotalRecords                                   obj/database.o
                                                  obj/demo.o
GotoRecord                                        obj/database.o
                                                  obj/demo.o
GraphIncLayer                                     obj/menu.o
HeapSort                                          obj/database.o
Heap_CoreLeft                                     startup.o
InitGraphMenu                                     obj/menu.o
                                                  obj/demo.o
InsertionSort                                     obj/database.o
InstallHeartbeatHandler                           startup.o
KeyboardInput                                     obj/input.o
KeyboardNumeric                                   obj/input.o
LineairSearch                                     obj/database.o
OpenDatabase                                      obj/database.o
                                                  obj/demo.o
OpenIndexFile                                     obj/database.o
OseComm                                           startup.o
PrintChar                                         startup.o
QuickSort                                         obj/database.o
ReadCurrentRecord                                 obj/database.o
                                                  obj/demo.o
ReadFirstRecord                                   obj/database.o
                                                  obj/demo.o
ReadLastRecord                                    obj/database.o
ReadNextRecord                                    obj/database.o
                                                  obj/demo.o
ReadPreviousRecord                                obj/database.o
RemoveHeartbeatHandler                            startup.o
ScanBarcode                                       obj/input.o
ScanBarcodeSymbol                                 obj/input.o
ScanLabels                                        obj/demo.o
ScanOrKeyboardInput                               obj/input.o
ScanOrKeyboardInputSymbol                         obj/input.o
ScrollDatabase                                    obj/demo.o
ScrollUp                                          startup.o
SearchIndexFile                                   obj/database.o
SelectBaudrate                                    obj/demo.o
SelectDatabits                                    obj/demo.o
SelectParity                                      obj/demo.o
SelectPort                                        obj/demo.o
SelectProtocol                                    obj/demo.o
SelectStopbits                                    obj/demo.o
SetAlarm                                          startup.o
SetAutoBacklight                                  startup.o
SetBackColor                                      startup.o
SetBackLightLvl                                   startup.o
SetBarcodes                                       obj/demo.o
SetBltAddress                                     startup.o
SetBltLocalName                                   startup.o
SetBltPin                                         startup.o
SetBltPinCallback                                 startup.o
SetCursorColor                                    startup.o
SetPrintCharFunction                              startup.o
SetSystemTime                                     startup.o
SetTextColor                                      startup.o
SetTickCount                                      startup.o
ShowBMP                                           startup.o
ShowFonts                                         obj/demo.o
ShowGIF                                           startup.o
ShowGraphMenu                                     obj/menu.o
                                                  obj/demo.o
ShowGraphSelectionMenu                            obj/menu.o
                                                  obj/demo.o
ShowJPG                                           startup.o
ShowJPG_File                                      startup.o
ShowTextMenu                                      obj/menu.o
ShowTextSelectionMenu                             obj/menu.o
ShowVersion                                       obj/demo.o
SoftReset                                         startup.o
StoreCoverDetection                               startup.o
TransmitData                                      obj/demo.o
WaitForKey                                        obj/input.o
                                                  obj/menu.o
                                                  obj/demo.o
WaitForKeys                                       obj/input.o
                                                  obj/demo.o
WaitKey                                           startup.o
WriteRecord                                       obj/database.o
                                                  obj/demo.o
_SystemMenu                                       obj/demo.o
__aeabi_idiv0                                     c:/winarm/bin/../lib/gcc/arm-elf/4.0.1/thumb/interwork\libgcc.a(_dvmd_tls.o)
__aeabi_idivmod                                   c:/winarm/bin/../lib/gcc/arm-elf/4.0.1/thumb/interwork\libgcc.a(_divsi3.o)
__aeabi_ldiv0                                     c:/winarm/bin/../lib/gcc/arm-elf/4.0.1/thumb/interwork\libgcc.a(_dvmd_tls.o)
__aeabi_uidivmod                                  c:/winarm/bin/../lib/gcc/arm-elf/4.0.1/thumb/interwork\libgcc.a(_udivsi3.o)
__ctype_ptr                                       c:/winarm/bin/../lib/gcc/arm-elf/4.0.1/../../../../arm-elf/lib/thumb/interwork\libc.a(ctype_.o)
__div0                                            c:/winarm/bin/../lib/gcc/arm-elf/4.0.1/thumb/interwork\libgcc.a(_dvmd_tls.o)
                                                  c:/winarm/bin/../lib/gcc/arm-elf/4.0.1/thumb/interwork\libgcc.a(_modsi3.o)
                                                  c:/winarm/bin/../lib/gcc/arm-elf/4.0.1/thumb/interwork\libgcc.a(_divsi3.o)
                                                  c:/winarm/bin/../lib/gcc/arm-elf/4.0.1/thumb/interwork\libgcc.a(_udivsi3.o)
__divsi3                                          c:/winarm/bin/../lib/gcc/arm-elf/4.0.1/thumb/interwork\libgcc.a(_divsi3.o)
                                                  obj/menu.o
                                                  obj/database.o
__errno                                           startup.o
__modsi3                                          c:/winarm/bin/../lib/gcc/arm-elf/4.0.1/thumb/interwork\libgcc.a(_modsi3.o)
                                                  obj/database.o
__srget                                           startup.o
                                                  obj/input.o
__swbuf                                           startup.o
                                                  obj/menu.o
                                                  obj/demo.o
__udivsi3                                         c:/winarm/bin/../lib/gcc/arm-elf/4.0.1/thumb/interwork\libgcc.a(_udivsi3.o)
                                                  obj/menu.o
                                                  obj/demo.o
_barcode                                          obj/demo.o
_bss                                              startup.o
_checked                                          obj/menu.o
_code_end                                         startup.o
_comp                                             obj/demo.o
_comport                                          obj/demo.o
_ctype_                                           c:/winarm/bin/../lib/gcc/arm-elf/4.0.1/../../../../arm-elf/lib/thumb/interwork\libc.a(ctype_.o)
                                                  obj/input.o
_data                                             startup.o
_databits                                         obj/demo.o
_display                                          obj/demo.o
_down_arrow                                       obj/menu.o
_drive                                            obj/demo.o
_ebss                                             startup.o
_edata                                            startup.o
_exitsign                                         obj/menu.o
_flash                                            obj/demo.o
_fonts                                            obj/demo.o
_global_impure_ptr                                c:/winarm/bin/../lib/gcc/arm-elf/4.0.1/../../../../arm-elf/lib/thumb/interwork\libc.a(impure.o)
_impure_ptr                                       c:/winarm/bin/../lib/gcc/arm-elf/4.0.1/../../../../arm-elf/lib/thumb/interwork\libc.a(impure.o)
                                                  startup.o
                                                  obj/menu.o
                                                  obj/input.o
                                                  obj/demo.o
_memory                                           obj/demo.o
_parity                                           obj/demo.o
_program_end                                      startup.o
_protocol                                         obj/demo.o
_scan                                             obj/demo.o
_scroll                                           obj/demo.o
_select                                           obj/menu.o
_stop                                             obj/demo.o
_tools                                            obj/demo.o
_transmit                                         obj/demo.o
_trash                                            obj/demo.o
_uncheck                                          obj/menu.o
_up_arrow                                         obj/menu.o
_version                                          obj/demo.o
abort                                             startup.o
abs                                               startup.o
access                                            startup.o
alarm                                             startup.o
argz_add                                          startup.o
argz_add_sep                                      startup.o
argz_append                                       startup.o
argz_count                                        startup.o
argz_create                                       startup.o
argz_create_sep                                   startup.o
argz_delete                                       startup.o
argz_extract                                      startup.o
argz_insert                                       startup.o
argz_next                                         startup.o
argz_replace                                      startup.o
argz_stringify                                    startup.o
asctime                                           startup.o
asiprintf                                         startup.o
asprintf                                          startup.o
atexit                                            startup.o
atof                                              startup.o
atoff                                             startup.o
atoi                                              startup.o
atol                                              startup.o
                                                  obj/demo.o
atoll                                             startup.o
autopowerdown                                     startup.o
backlight                                         startup.o
batteryvoltage                                    startup.o
bcmp                                              startup.o
bcopy                                             startup.o
blt_discovery                                     startup.o
blt_is_connected                                  startup.o
blt_unpair                                        startup.o
bsearch                                           startup.o
btowc                                             startup.o
bzero                                             startup.o
calloc                                            startup.o
cfree                                             startup.o
checkdate                                         startup.o
checktime                                         startup.o
chsize                                            startup.o
                                                  obj/database.o
clearerr                                          startup.o
close                                             startup.o
                                                  obj/database.o
comclose                                          startup.o
                                                  obj/demo.o
comopen                                           startup.o
                                                  obj/demo.o
contrast                                          startup.o
                                                  obj/demo.o
copysign                                          startup.o
copysignf                                         startup.o
coreleft                                          startup.o
                                                  obj/demo.o
ctime                                             startup.o
cursor                                            startup.o
                                                  obj/menu.o
                                                  obj/input.o
                                                  obj/demo.o
delay                                             startup.o
                                                  obj/demo.o
detdatetime                                       startup.o
difftime                                          startup.o
diplay_input_data                                 obj/demo.o
display_scroll_data                               obj/demo.o
div                                               startup.o
downloadapplication                               startup.o
downpressed                                       startup.o
drawline                                          startup.o
                                                  obj/menu.o
endtimer                                          startup.o
eraseblock                                        startup.o
erasesector                                       startup.o
execve                                            startup.o
exit                                              startup.o
fclose                                            startup.o
                                                  obj/demo.o
fcloseall                                         startup.o
fcntl                                             startup.o
fdopen                                            startup.o
feof                                              startup.o
ferror                                            startup.o
fflush                                            startup.o
ffs                                               startup.o
fgetc                                             startup.o
fgetpos                                           startup.o
fgets                                             startup.o
file_test                                         obj/demo.o
fileno                                            startup.o
fill_record_struct                                obj/demo.o
findfirst                                         startup.o
findnext                                          startup.o
finite                                            startup.o
finitef                                           startup.o
fiprintf                                          startup.o
fiscanf                                           startup.o
flipscreen                                        startup.o
fopen                                             startup.o
                                                  obj/demo.o
fork                                              startup.o
format                                            startup.o
fprintf                                           startup.o
fputc                                             startup.o
fputs                                             startup.o
fread                                             startup.o
free                                              startup.o
                                                  obj/database.o
freopen                                           startup.o
frexp                                             startup.o
frexpf                                            startup.o
fscanf                                            startup.o
fseek                                             startup.o
                                                  obj/demo.o
fseeko                                            startup.o
fsetpos                                           startup.o
fsize                                             startup.o
                                                  obj/database.o
                                                  obj/demo.o
fstat                                             startup.o
ftell                                             startup.o
ftello                                            startup.o
fwrite                                            startup.o
                                                  obj/demo.o
get_record                                        obj/demo.o
getc                                              startup.o
getchar                                           startup.o
getcom                                            startup.o
getdate                                           startup.o
                                                  obj/demo.o
getenv                                            startup.o
getfontsize                                       startup.o
                                                  obj/menu.o
                                                  obj/demo.o
getopt                                            startup.o
getpid                                            startup.o
gets                                              startup.o
getsubopt                                         startup.o
getterminalid                                     startup.o
gettime                                           startup.o
                                                  obj/demo.o
gettimeofday                                      startup.o
getw                                              startup.o
gmtime                                            startup.o
goodreadled                                       startup.o
                                                  obj/input.o
gotoxy                                            startup.o
                                                  obj/menu.o
                                                  obj/input.o
                                                  obj/demo.o
hcreate                                           startup.o
hdestroy                                          startup.o
hsearch                                           startup.o
idle                                              startup.o
                                                  obj/input.o
index                                             startup.o
iprintf                                           startup.o
isBuzzerOn                                        startup.o
isalnum                                           startup.o
isalpha                                           startup.o
isascii                                           startup.o
isatty                                            startup.o
isblank                                           startup.o
iscanf                                            startup.o
ischarging                                        startup.o
iscntrl                                           startup.o
isdigit                                           startup.o
isgraph                                           startup.o
isinf                                             startup.o
isinff                                            startup.o
islower                                           startup.o
isnan                                             startup.o
isnanf                                            startup.o
isprint                                           startup.o
ispunct                                           startup.o
isspace                                           startup.o
isupper                                           startup.o
iswalnum                                          startup.o
iswalpha                                          startup.o
iswblank                                          startup.o
iswcntrl                                          startup.o
iswctype                                          startup.o
iswdigit                                          startup.o
iswgraph                                          startup.o
iswlower                                          startup.o
iswprint                                          startup.o
iswpunct                                          startup.o
iswspace                                          startup.o
iswupper                                          startup.o
iswxdigit                                         startup.o
isxdigit                                          startup.o
itoa                                              startup.o
jrand48                                           startup.o
jumptbl_ptr                                       startup.o
kbhit                                             startup.o
                                                  obj/input.o
kill                                              startup.o
l64a                                              startup.o
lBarcodes                                         obj/demo.o
lBaudrate                                         obj/demo.o
lDatabits                                         obj/demo.o
lDrive                                            obj/demo.o
lParity                                           obj/demo.o
lPort                                             obj/demo.o
lProtocol                                         obj/demo.o
lStopbits                                         obj/demo.o
labs                                              startup.o
lcong48                                           startup.o
ldexp                                             startup.o
ldexpf                                            startup.o
ldiv                                              startup.o
link                                              startup.o
llabs                                             startup.o
lldiv                                             startup.o
loaddisplay                                       startup.o
localeconv                                        startup.o
localtime                                         startup.o
longjmp                                           startup.o
lseek                                             startup.o
                                                  obj/database.o
main                                              obj/demo.o
                                                  startup.o
mallinfo                                          startup.o
malloc                                            startup.o
                                                  obj/database.o
malloc_stats                                      startup.o
malloc_trim                                       startup.o
malloc_usable_size                                startup.o
mallopt                                           startup.o
mblen                                             startup.o
mbrlen                                            startup.o
mbrtowc                                           startup.o
mbsinit                                           startup.o
mbsrtowcs                                         startup.o
mbstowcs                                          startup.o
mbtowc                                            startup.o
memalign                                          startup.o
memccpy                                           startup.o
memchr                                            startup.o
memcmp                                            startup.o
                                                  obj/database.o
memcpy                                            startup.o
                                                  obj/database.o
                                                  obj/demo.o
memmove                                           startup.o
                                                  obj/database.o
mempcpy                                           startup.o
memset                                            startup.o
                                                  obj/menu.o
                                                  obj/demo.o
mkstemp                                           startup.o
mktemp                                            startup.o
mktime                                            startup.o
modf                                              startup.o
modff                                             startup.o
mrand48                                           startup.o
mstats                                            startup.o
neto_receive                                      startup.o
neto_receive2                                     startup.o
neto_transmit                                     startup.o
                                                  obj/demo.o
neto_transmit2                                    startup.o
nl_langinfo                                       startup.o
nrand48                                           startup.o
on_exit                                           startup.o
open                                              startup.o
                                                  obj/database.o
perror                                            startup.o
powereddown                                       startup.o
printf                                            startup.o
                                                  obj/menu.o
                                                  obj/input.o
                                                  obj/demo.o
printsymbol                                       startup.o
programbuffer                                     startup.o
programbyte                                       startup.o
programword                                       startup.o
putc                                              startup.o
putc_unlocked                                     startup.o
putchar                                           startup.o
putchar_unlocked                                  startup.o
putcom                                            startup.o
                                                  obj/demo.o
putenv                                            startup.o
putnstring                                        startup.o
puts                                              startup.o
                                                  obj/demo.o
putstring                                         startup.o
putw                                              startup.o
pvalloc                                           startup.o
qsort                                             startup.o
raise                                             startup.o
rand                                              startup.o
read                                              startup.o
                                                  obj/database.o
readbarcode                                       startup.o
                                                  obj/input.o
realloc                                           startup.o
remove                                            startup.o
                                                  obj/database.o
                                                  obj/demo.o
rename                                            startup.o
resetkey                                          startup.o
                                                  obj/menu.o
                                                  obj/input.o
resetreceive                                      startup.o
rewind                                            startup.o
rindex                                            startup.o
runapplfromfile                                   startup.o
savedisplay                                       startup.o
sbrk                                              startup.o
scalbn                                            startup.o
scalbnf                                           startup.o
scanf                                             startup.o
scanneroff                                        startup.o
scannerpower                                      startup.o
                                                  obj/input.o
secretstring                                      startup.o
seed48                                            startup.o
set_barcodes                                      obj/demo.o
set_baudrate                                      obj/demo.o
set_databits                                      obj/demo.o
set_default_drive                                 startup.o
set_offset                                        startup.o
                                                  obj/menu.o
set_parity                                        obj/demo.o
set_stopbits                                      obj/demo.o
setbuf                                            startup.o
setbuffer                                         startup.o
setdate                                           startup.o
setdatetime                                       startup.o
setecho                                           startup.o
setenv                                            startup.o
setfont                                           startup.o
                                                  obj/menu.o
                                                  obj/demo.o
setjmp                                            startup.o
setlinebuf                                        startup.o
setlocale                                         startup.o
setpixel                                          startup.o
                                                  obj/menu.o
setterminalid                                     startup.o
settime                                           startup.o
setvbuf                                           startup.o
showpicture                                       startup.o
                                                  obj/menu.o
signal                                            startup.o
siprintf                                          startup.o
siscanf                                           startup.o
sniprintf                                         startup.o
snprintf                                          startup.o
sound                                             startup.o
                                                  obj/menu.o
                                                  obj/input.o
sprintf                                           startup.o
                                                  obj/menu.o
                                                  obj/demo.o
srand                                             startup.o
srand48                                           startup.o
sscanf                                            startup.o
starttimer                                        startup.o
stat                                              startup.o
store_input_data                                  obj/demo.o
strcasecmp                                        startup.o
strcat                                            startup.o
                                                  obj/menu.o
                                                  obj/input.o
strchr                                            startup.o
                                                  obj/input.o
strcmp                                            startup.o
strcoll                                           startup.o
strcpy                                            startup.o
                                                  obj/input.o
strcspn                                           startup.o
strdup                                            startup.o
strerror                                          startup.o
strftime                                          startup.o
string_quantity_to_long                           obj/demo.o
strlcat                                           startup.o
strlcpy                                           startup.o
strlen                                            startup.o
                                                  obj/input.o
                                                  obj/demo.o
strlwr                                            startup.o
strncasecmp                                       startup.o
strncat                                           startup.o
strncmp                                           startup.o
strncpy                                           startup.o
                                                  obj/demo.o
strndup                                           startup.o
strnlen                                           startup.o
strpbrk                                           startup.o
strptime                                          startup.o
strrchr                                           startup.o
                                                  obj/menu.o
strsep                                            startup.o
strspn                                            startup.o
strstr                                            startup.o
strtod                                            startup.o
strtof                                            startup.o
strtok                                            startup.o
strtol                                            startup.o
strtoll                                           startup.o
strtoul                                           startup.o
strtoull                                          startup.o
strupr                                            startup.o
strxfrm                                           startup.o
swab                                              startup.o
system                                            startup.o
systemsetting                                     startup.o
                                                  obj/demo.o
tdelete                                           startup.o
tdestroy                                          startup.o
tell                                              startup.o
tempnam                                           startup.o
tfind                                             startup.o
time                                              startup.o
timervalue                                        startup.o
times                                             startup.o
tmpfile                                           startup.o
tmpnam                                            startup.o
toascii                                           startup.o
tolower                                           startup.o
toupper                                           startup.o
towctrans                                         startup.o
towlower                                          startup.o
towupper                                          startup.o
triggerpressed                                    startup.o
tsearch                                           startup.o
twalk                                             startup.o
tzset                                             startup.o
ungetc                                            startup.o
                                                  obj/input.o
unlink                                            startup.o
unsetenv                                          startup.o
uppressed                                         startup.o
valloc                                            startup.o
vasiprintf                                        startup.o
vasprintf                                         startup.o
version_os                                        startup.o
                                                  obj/demo.o
version_rom                                       startup.o
vfiprintf                                         startup.o
vfiscanf                                          startup.o
vfprintf                                          startup.o
vfscanf                                           startup.o
vibrate                                           startup.o
viprintf                                          startup.o
viscanf                                           startup.o
vprintf                                           startup.o
vscanf                                            startup.o
vsiprintf                                         startup.o
vsiscanf                                          startup.o
vsniprintf                                        startup.o
vsnprintf                                         startup.o
vsprintf                                          startup.o
vsscanf                                           startup.o
wait                                              startup.o
wcrtomb                                           startup.o
wcscat                                            startup.o
wcschr                                            startup.o
wcscmp                                            startup.o
wcscoll                                           startup.o
wcscpy                                            startup.o
wcscspn                                           startup.o
wcslcat                                           startup.o
wcslcpy                                           startup.o
wcslen                                            startup.o
wcsncat                                           startup.o
wcsncmp                                           startup.o
wcsncpy                                           startup.o
wcsnlen                                           startup.o
wcspbrk                                           startup.o
wcsrchr                                           startup.o
wcsrtombs                                         startup.o
wcsspn                                            startup.o
wcsstr                                            startup.o
wcstombs                                          startup.o
wcswidth                                          startup.o
wctob                                             startup.o
wctomb                                            startup.o
wctrans                                           startup.o
wctype                                            startup.o
wcwidth                                           startup.o
wherex                                            startup.o
wherey                                            startup.o
wmemchr                                           startup.o
wmemcmp                                           startup.o
wmemcpy                                           startup.o
wmemmove                                          startup.o
wmemset                                           startup.o
write                                             startup.o
                                                  obj/database.o
xmodemreceive                                     startup.o
xmodemtransmit                                    startup.o
